[    0.000000] Initializing cgroup subsys cpuset
[    0.000000] Initializing cgroup subsys cpu
[    0.000000] Initializing cgroup subsys cpuacct
[    0.000000] Linux version 4.4.0-165-generic (buildd@lgw01-amd64-027) (gcc version 5.4.0 20160609 (Ubuntu 5.4.0-6ubuntu1~16.04.10) ) #193-Ubuntu SMP Tue Sep 17 17:42:52 UTC 2019 (Ubuntu 4.4.0-165.193-generic 4.4.189)
[    0.000000] Command line: BOOT_IMAGE=/boot/vmlinuz-4.4.0-165-generic root=LABEL=cloudimg-rootfs ro console=tty1 console=ttyS0
[    0.000000] KERNEL supported cpus:
[    0.000000]   Intel GenuineIntel
[    0.000000]   AMD AuthenticAMD
[    0.000000]   Centaur CentaurHauls
[    0.000000] x86/fpu: xstate_offset[2]:  576, xstate_sizes[2]:  256
[    0.000000] x86/fpu: Supporting XSAVE feature 0x01: 'x87 floating point registers'
[    0.000000] x86/fpu: Supporting XSAVE feature 0x02: 'SSE registers'
[    0.000000] x86/fpu: Supporting XSAVE feature 0x04: 'AVX registers'
[    0.000000] x86/fpu: Enabled xstate features 0x7, context size is 832 bytes, using 'standard' format.
[    0.000000] e820: BIOS-provided physical RAM map:
[    0.000000] BIOS-e820: [mem 0x0000000000000000-0x000000000009fbff] usable
[    0.000000] BIOS-e820: [mem 0x000000000009fc00-0x000000000009ffff] reserved
[    0.000000] BIOS-e820: [mem 0x00000000000f0000-0x00000000000fffff] reserved
[    0.000000] BIOS-e820: [mem 0x0000000000100000-0x000000003ffeffff] usable
[    0.000000] BIOS-e820: [mem 0x000000003fff0000-0x000000003fffffff] ACPI data
[    0.000000] BIOS-e820: [mem 0x00000000fec00000-0x00000000fec00fff] reserved
[    0.000000] BIOS-e820: [mem 0x00000000fee00000-0x00000000fee00fff] reserved
[    0.000000] BIOS-e820: [mem 0x00000000fffc0000-0x00000000ffffffff] reserved
[    0.000000] NX (Execute Disable) protection: active
[    0.000000] SMBIOS 2.5 present.
[    0.000000] Hypervisor detected: KVM
[    0.000000] e820: last_pfn = 0x3fff0 max_arch_pfn = 0x400000000
[    0.000000] MTRR: Disabled
[    0.000000] x86/PAT: MTRRs disabled, skipping PAT initialization too.
[    0.000000] CPU MTRRs all blank - virtualized system.
[    0.000000] x86/PAT: Configuration [0-7]: WB  WT  UC- UC  WB  WT  UC- UC  
[    0.000000] found SMP MP-table at [mem 0x0009fff0-0x0009ffff] mapped at [ffff88000009fff0]
[    0.000000] Scanning 1 areas for low memory corruption
[    0.000000] RAMDISK: [mem 0x362fa000-0x37174fff]
[    0.000000] ACPI: Early table checksum verification disabled
[    0.000000] ACPI: RSDP 0x00000000000E0000 000024 (v02 VBOX  )
[    0.000000] ACPI: XSDT 0x000000003FFF0030 00003C (v01 VBOX   VBOXXSDT 00000001 ASL  00000061)
[    0.000000] ACPI: FACP 0x000000003FFF00F0 0000F4 (v04 VBOX   VBOXFACP 00000001 ASL  00000061)
[    0.000000] ACPI: DSDT 0x000000003FFF0470 0022EA (v02 VBOX   VBOXBIOS 00000002 INTL 20100528)
[    0.000000] ACPI: FACS 0x000000003FFF0200 000040
[    0.000000] ACPI: FACS 0x000000003FFF0200 000040
[    0.000000] ACPI: APIC 0x000000003FFF0240 00005C (v02 VBOX   VBOXAPIC 00000001 ASL  00000061)
[    0.000000] ACPI: SSDT 0x000000003FFF02A0 0001CC (v01 VBOX   VBOXCPUT 00000002 INTL 20100528)
[    0.000000] No NUMA configuration found
[    0.000000] Faking a node at [mem 0x0000000000000000-0x000000003ffeffff]
[    0.000000] NODE_DATA(0) allocated [mem 0x3ffeb000-0x3ffeffff]
[    0.000000] kvm-clock: Using msrs 4b564d01 and 4b564d00
[    0.000000] kvm-clock: cpu 0, msr 0:3ffe3001, primary cpu clock
[    0.000000] kvm-clock: using sched offset of 4163759142 cycles
[    0.000000] clocksource: kvm-clock: mask: 0xffffffffffffffff max_cycles: 0x1cd42e4dffb, max_idle_ns: 881590591483 ns
[    0.000000] Zone ranges:
[    0.000000]   DMA      [mem 0x0000000000001000-0x0000000000ffffff]
[    0.000000]   DMA32    [mem 0x0000000001000000-0x000000003ffeffff]
[    0.000000]   Normal   empty
[    0.000000]   Device   empty
[    0.000000] Movable zone start for each node
[    0.000000] Early memory node ranges
[    0.000000]   node   0: [mem 0x0000000000001000-0x000000000009efff]
[    0.000000]   node   0: [mem 0x0000000000100000-0x000000003ffeffff]
[    0.000000] Initmem setup node 0 [mem 0x0000000000001000-0x000000003ffeffff]
[    0.000000] ACPI: PM-Timer IO Port: 0x4008
[    0.000000] IOAPIC[0]: apic_id 2, version 32, address 0xfec00000, GSI 0-23
[    0.000000] ACPI: INT_SRC_OVR (bus 0 bus_irq 0 global_irq 2 dfl dfl)
[    0.000000] ACPI: INT_SRC_OVR (bus 0 bus_irq 9 global_irq 9 low level)
[    0.000000] Using ACPI (MADT) for SMP configuration information
[    0.000000] smpboot: Allowing 2 CPUs, 0 hotplug CPUs
[    0.000000] PM: Registered nosave memory: [mem 0x00000000-0x00000fff]
[    0.000000] PM: Registered nosave memory: [mem 0x0009f000-0x0009ffff]
[    0.000000] PM: Registered nosave memory: [mem 0x000a0000-0x000effff]
[    0.000000] PM: Registered nosave memory: [mem 0x000f0000-0x000fffff]
[    0.000000] e820: [mem 0x40000000-0xfebfffff] available for PCI devices
[    0.000000] Booting paravirtualized kernel on KVM
[    0.000000] clocksource: refined-jiffies: mask: 0xffffffff max_cycles: 0xffffffff, max_idle_ns: 7645519600211568 ns
[    0.000000] setup_percpu: NR_CPUS:512 nr_cpumask_bits:512 nr_cpu_ids:2 nr_node_ids:1
[    0.000000] PERCPU: Embedded 34 pages/cpu @ffff88003fc00000 s99544 r8192 d31528 u1048576
[    0.000000] Built 1 zonelists in Node order, mobility grouping on.  Total pages: 257912
[    0.000000] Policy zone: DMA32
[    0.000000] Kernel command line: BOOT_IMAGE=/boot/vmlinuz-4.4.0-165-generic root=LABEL=cloudimg-rootfs ro console=tty1 console=ttyS0
[    0.000000] PID hash table entries: 4096 (order: 3, 32768 bytes)
[    0.000000] Memory: 997732K/1048120K available (8621K kernel code, 1335K rwdata, 4032K rodata, 1484K init, 1284K bss, 50388K reserved, 0K cma-reserved)
[    0.000000] SLUB: HWalign=64, Order=0-3, MinObjects=0, CPUs=2, Nodes=1
[    0.000000] Kernel/User page tables isolation: enabled
[    0.000000] Hierarchical RCU implementation.
[    0.000000] 	Build-time adjustment of leaf fanout to 64.
[    0.000000] 	RCU restricting CPUs from NR_CPUS=512 to nr_cpu_ids=2.
[    0.000000] RCU: Adjusting geometry for rcu_fanout_leaf=64, nr_cpu_ids=2
[    0.000000] NR_IRQS:33024 nr_irqs:440 16
[    0.000000] Console: colour VGA+ 80x25
[    0.000000] console [tty1] enabled
[    0.000000] console [ttyS0] enabled
[    0.000000] tsc: Detected 2712.000 MHz processor
[    0.321595] Calibrating delay loop (skipped) preset value.. 5424.00 BogoMIPS (lpj=10848000)
[    0.323889] pid_max: default: 32768 minimum: 301
[    0.325235] ACPI: Core revision 20150930
[    0.328982] ACPI: 2 ACPI AML tables successfully acquired and loaded
[    0.331261] Security Framework initialized
[    0.332853] Yama: becoming mindful.
[    0.334167] AppArmor: AppArmor initialized
[    0.336281] Dentry cache hash table entries: 131072 (order: 8, 1048576 bytes)
[    0.355048] Inode-cache hash table entries: 65536 (order: 7, 524288 bytes)
[    0.357587] Mount-cache hash table entries: 2048 (order: 2, 16384 bytes)
[    0.359685] Mountpoint-cache hash table entries: 2048 (order: 2, 16384 bytes)
[    0.361760] Initializing cgroup subsys io
[    0.363193] Initializing cgroup subsys memory
[    0.364888] Initializing cgroup subsys devices
[    0.366423] Initializing cgroup subsys freezer
[    0.368097] Initializing cgroup subsys net_cls
[    0.369886] Initializing cgroup subsys perf_event
[    0.371559] Initializing cgroup subsys net_prio
[    0.373193] Initializing cgroup subsys hugetlb
[    0.374740] Initializing cgroup subsys pids
[    0.378438] mce: CPU supports 0 MCE banks
[    0.379889] Last level iTLB entries: 4KB 64, 2MB 8, 4MB 8
[    0.381937] Last level dTLB entries: 4KB 64, 2MB 0, 4MB 0, 1GB 4
[    0.383662] Spectre V1 : Mitigation: usercopy/swapgs barriers and __user pointer sanitization
[    0.385919] Spectre V2 : Mitigation: Full generic retpoline
[    0.387365] Spectre V2 : Spectre v2 / SpectreRSB mitigation: Filling RSB on context switch
[    0.389680] Speculative Store Bypass: Vulnerable
[    0.391128] MDS: Vulnerable: Clear CPU buffers attempted, no microcode
[    0.398887] Freeing SMP alternatives memory: 36K
[    0.413547] ftrace: allocating 32318 entries in 127 pages
[    0.552876] smpboot: APIC(0) Converting physical 0 to logical package 0
[    0.554982] smpboot: Max logical packages: 1
[    0.557430] x2apic enabled
[    0.559108] Switched APIC routing to physical x2apic.
[    0.563325] ..TIMER: vector=0x30 apic1=0 pin1=2 apic2=-1 pin2=-1
[    0.673213] smpboot: CPU0: Intel(R) Core(TM) i5-7200U CPU @ 2.50GHz (family: 0x6, model: 0x8e, stepping: 0x9)
[    0.676214] Performance Events: unsupported p6 CPU model 142 no PMU driver, software events only.
[    0.691707] KVM setup paravirtual spinlock
[    0.693630] x86: Booting SMP configuration:
[    0.694910] .... node  #0, CPUs:      #1
[    0.696121] kvm-clock: cpu 1, msr 0:3ffe3041, secondary cpu clock
[    0.699565] mce: CPU supports 0 MCE banks
[    0.702318] x86: Booted up 1 node, 2 CPUs
[    0.703829] smpboot: Total of 2 processors activated (10848.00 BogoMIPS)
[    0.706975] devtmpfs: initialized
[    0.711522] evm: security.selinux
[    0.712903] evm: security.SMACK64
[    0.714095] evm: security.SMACK64EXEC
[    0.715449] evm: security.SMACK64TRANSMUTE
[    0.716900] evm: security.SMACK64MMAP
[    0.718241] evm: security.ima
[    0.719422] evm: security.capability
[    0.721232] clocksource: jiffies: mask: 0xffffffff max_cycles: 0xffffffff, max_idle_ns: 7645041785100000 ns
[    0.725379] futex hash table entries: 512 (order: 3, 32768 bytes)
[    0.728777] pinctrl core: initialized pinctrl subsystem
[    0.730964] RTC time: 10:13:18, date: 10/09/19
[    0.733082] NET: Registered protocol family 16
[    0.745705] cpuidle: using governor ladder
[    0.758514] cpuidle: using governor menu
[    0.760148] PCCT header not found.
[    0.761554] ACPI: bus type PCI registered
[    0.762930] acpiphp: ACPI Hot Plug PCI Controller Driver version: 0.5
[    0.764924] PCI: Using configuration type 1 for base access
[    0.782959] ACPI: Added _OSI(Module Device)
[    0.784787] ACPI: Added _OSI(Processor Device)
[    0.786383] ACPI: Added _OSI(3.0 _SCP Extensions)
[    0.788042] ACPI: Added _OSI(Processor Aggregator Device)
[    0.790869] ACPI: Executed 1 blocks of module-level executable AML code
[    0.797132] ACPI: Interpreter enabled
[    0.798704] ACPI: (supports S0 S5)
[    0.799970] ACPI: Using IOAPIC for interrupt routing
[    0.802205] PCI: Using host bridge windows from ACPI; if necessary, use "pci=nocrs" and report a bug
[    0.813196] ACPI: PCI Root Bridge [PCI0] (domain 0000 [bus 00-ff])
[    0.815276] acpi PNP0A03:00: _OSC: OS supports [ASPM ClockPM Segments MSI]
[    0.817964] acpi PNP0A03:00: _OSC: not requesting OS control; OS requires [ExtendedConfig ASPM ClockPM MSI]
[    0.821495] acpi PNP0A03:00: fail to add MMCONFIG information, can't access extended PCI configuration space under this bridge.
[    0.825821] PCI host bridge to bus 0000:00
[    0.827439] pci_bus 0000:00: root bus resource [io  0x0000-0x0cf7 window]
[    0.829803] pci_bus 0000:00: root bus resource [io  0x0d00-0xffff window]
[    0.831978] pci_bus 0000:00: root bus resource [mem 0x000a0000-0x000bffff window]
[    0.834754] pci_bus 0000:00: root bus resource [mem 0x40000000-0xfdffffff window]
[    0.837442] pci_bus 0000:00: root bus resource [bus 00-ff]
[    0.842388] pci 0000:00:01.1: legacy IDE quirk: reg 0x10: [io  0x01f0-0x01f7]
[    0.844505] pci 0000:00:01.1: legacy IDE quirk: reg 0x14: [io  0x03f6]
[    0.846559] pci 0000:00:01.1: legacy IDE quirk: reg 0x18: [io  0x0170-0x0177]
[    0.848769] pci 0000:00:01.1: legacy IDE quirk: reg 0x1c: [io  0x0376]
[    0.897924] pci 0000:00:07.0: quirk: [io  0x4000-0x403f] claimed by PIIX4 ACPI
[    0.900562] pci 0000:00:07.0: quirk: [io  0x4100-0x410f] claimed by PIIX4 SMB
[    0.912890] ACPI: PCI Interrupt Link [LNKA] (IRQs 5 9 10 *11)
[    0.915883] ACPI: PCI Interrupt Link [LNKB] (IRQs 5 9 *10 11)
[    0.918484] ACPI: PCI Interrupt Link [LNKC] (IRQs 5 *9 10 11)
[    0.921373] ACPI: PCI Interrupt Link [LNKD] (IRQs 5 9 10 *11)
[    0.924342] ACPI: Enabled 2 GPEs in block 00 to 07
[    0.926844] vgaarb: setting as boot device: PCI:0000:00:02.0
[    0.928913] vgaarb: device added: PCI:0000:00:02.0,decodes=io+mem,owns=io+mem,locks=none
[    0.932204] vgaarb: loaded
[    0.933465] vgaarb: bridge control possible 0000:00:02.0
[    0.935197] SCSI subsystem initialized
[    0.936713] ACPI: bus type USB registered
[    0.938152] usbcore: registered new interface driver usbfs
[    0.940040] usbcore: registered new interface driver hub
[    0.942470] usbcore: registered new device driver usb
[    0.945054] PCI: Using ACPI for IRQ routing
[    0.947091] NetLabel: Initializing
[    0.948498] NetLabel:  domain hash size = 128
[    0.950085] NetLabel:  protocols = UNLABELED CIPSOv4
[    0.975623] NetLabel:  unlabeled traffic allowed by default
[    0.978061] amd_nb: Cannot enumerate AMD northbridges
[    0.979871] clocksource: Switched to clocksource kvm-clock
[    1.025015] AppArmor: AppArmor Filesystem Enabled
[    1.027913] pnp: PnP ACPI init
[    1.033002] pnp: PnP ACPI: found 3 devices
[    1.053031] clocksource: acpi_pm: mask: 0xffffff max_cycles: 0xffffff, max_idle_ns: 2085701024 ns
[    1.057098] NET: Registered protocol family 2
[    1.060322] TCP established hash table entries: 8192 (order: 4, 65536 bytes)
[    1.064086] TCP bind hash table entries: 8192 (order: 5, 131072 bytes)
[    1.066770] TCP: Hash tables configured (established 8192 bind 8192)
[    1.068830] UDP hash table entries: 512 (order: 2, 16384 bytes)
[    1.071716] UDP-Lite hash table entries: 512 (order: 2, 16384 bytes)
[    1.074955] NET: Registered protocol family 1
[    1.076946] pci 0000:00:00.0: Limiting direct PCI/PCI transfers
[    1.079032] pci 0000:00:01.0: Activating ISA DMA hang workarounds
[    1.081509] Unpacking initramfs...
[    1.773903] Freeing initrd memory: 14828K
[    1.775477] clocksource: tsc: mask: 0xffffffffffffffff max_cycles: 0x2717868ea45, max_idle_ns: 440795316085 ns
[    1.778504] platform rtc_cmos: registered platform RTC device (no PNP device found)
[    1.781715] Scanning for low memory corruption every 60 seconds
[    1.784247] audit: initializing netlink subsys (disabled)
[    1.786080] audit: type=2000 audit(1570616004.880:1): initialized
[    1.788655] Initialise system trusted keyring
[    1.790545] HugeTLB registered 2 MB page size, pre-allocated 0 pages
[    1.795228] zbud: loaded
[    1.796887] VFS: Disk quotas dquot_6.6.0
[    1.798406] VFS: Dquot-cache hash table entries: 512 (order 0, 4096 bytes)
[    1.800998] squashfs: version 4.0 (2009/01/31) Phillip Lougher
[    1.803180] fuse init (API version 7.23)
[    1.804714] Key type big_key registered
[    1.806018] Allocating IMA MOK and blacklist keyrings.
[    1.810797] Key type asymmetric registered
[    1.812187] Asymmetric key parser 'x509' registered
[    1.813599] Block layer SCSI generic (bsg) driver version 0.4 loaded (major 249)
[    1.815912] io scheduler noop registered
[    1.817618] io scheduler deadline registered (default)
[    1.819802] io scheduler cfq registered
[    1.821516] pci_hotplug: PCI Hot Plug PCI Core version: 0.5
[    1.823348] pciehp: PCI Express Hot Plug Controller Driver version: 0.4
[    1.825831] ACPI: AC Adapter [AC] (off-line)
[    1.827443] input: Power Button as /devices/LNXSYSTM:00/LNXPWRBN:00/input/input0
[    1.830252] ACPI: Power Button [PWRF]
[    1.831675] input: Sleep Button as /devices/LNXSYSTM:00/LNXSLPBN:00/input/input1
[    1.834226] ACPI: Sleep Button [SLPF]
[    1.837588] ACPI: Battery Slot [BAT0] (battery present)
[    1.839289] GHES: HEST is not enabled!
[    1.840822] Serial: 8250/16550 driver, 32 ports, IRQ sharing enabled
[    1.864061] 00:02: ttyS0 at I/O 0x3f8 (irq = 4, base_baud = 115200) is a 16550A
[    1.868736] Linux agpgart interface v0.103
[    1.875217] loop: module loaded
[    1.877999] scsi host0: ata_piix
[    1.880094] scsi host1: ata_piix
[    1.881266] ata1: PATA max UDMA/33 cmd 0x1f0 ctl 0x3f6 bmdma 0xd000 irq 14
[    1.883155] ata2: PATA max UDMA/33 cmd 0x170 ctl 0x376 bmdma 0xd008 irq 15
[    1.885556] libphy: Fixed MDIO Bus: probed
[    1.886886] tun: Universal TUN/TAP device driver, 1.6
[    1.888277] tun: (C) 1999-2004 Max Krasnyansky <maxk@qualcomm.com>
[    1.890104] PPP generic driver version 2.4.2
[    1.891595] ehci_hcd: USB 2.0 'Enhanced' Host Controller (EHCI) Driver
[    1.893416] ehci-pci: EHCI PCI platform driver
[    1.894685] ehci-platform: EHCI generic platform driver
[    1.896083] ohci_hcd: USB 1.1 'Open' Host Controller (OHCI) Driver
[    1.898374] ohci-pci: OHCI PCI platform driver
[    1.899865] ohci-platform: OHCI generic platform driver
[    1.901646] uhci_hcd: USB Universal Host Controller Interface driver
[    1.903465] i8042: PNP: PS/2 Controller [PNP0303:PS2K,PNP0f03:PS2M] at 0x60,0x64 irq 1,12
[    1.907814] serio: i8042 KBD port at 0x60,0x64 irq 1
[    1.909889] serio: i8042 AUX port at 0x60,0x64 irq 12
[    1.911761] mousedev: PS/2 mouse device common for all mice
[    1.914678] rtc_cmos rtc_cmos: rtc core: registered rtc_cmos as rtc0
[    1.916830] rtc_cmos rtc_cmos: alarms up to one day, 114 bytes nvram
[    1.918886] i2c /dev entries driver
[    1.920249] input: AT Translated Set 2 keyboard as /devices/platform/i8042/serio0/input/input2
[    1.923501] device-mapper: uevent: version 1.0.3
[    1.925361] device-mapper: ioctl: 4.34.0-ioctl (2015-10-28) initialised: dm-devel@redhat.com
[    1.927986] ledtrig-cpu: registered to indicate activity on CPUs
[    1.930970] NET: Registered protocol family 10
[    1.932853] NET: Registered protocol family 17
[    1.934214] Key type dns_resolver registered
[    1.936442] registered taskstats version 1
[    1.937804] Loading compiled-in X.509 certificates
[    1.940360] Loaded X.509 cert 'Build time autogenerated kernel key: 0ed82eac04367aa6426493b1389455ebf6830eaa'
[    1.943097] zswap: loaded using pool lzo/zbud
[    1.947073] Key type trusted registered
[    1.953480] Key type encrypted registered
[    1.954997] AppArmor: AppArmor sha1 policy hashing enabled
[    1.957344] ima: No TPM chip found, activating TPM-bypass!
[    1.959774] ima: Allocated hash algorithm: sha1
[    1.961583] evm: HMAC attrs: 0x1
[    1.963321]   Magic number: 7:926:223
[    1.964896] rtc_cmos rtc_cmos: setting system clock to 2019-10-09 10:13:20 UTC (1570616000)
[    1.968284] BIOS EDD facility v0.16 2004-Jun-25, 0 devices found
[    1.970600] EDD information not available.
[    2.043318] Freeing unused kernel memory: 1484K
[    2.047305] Write protecting the kernel read-only data: 14336k
[    2.053256] Freeing unused kernel memory: 1608K
[    2.057337] Freeing unused kernel memory: 64K
Loading, please wait...
starting version 229
[    2.099001] random: systemd-udevd: uninitialized urandom read (16 bytes read, 3 bits of entropy available)
[    2.099491] random: udevadm: uninitialized urandom read (16 bytes read, 3 bits of entropy available)
[    2.099536] random: udevadm: uninitialized urandom read (16 bytes read, 3 bits of entropy available)
[    2.127018] random: systemd-udevd: uninitialized urandom read (16 bytes read, 3 bits of entropy available)
[    2.132479] random: udevadm: uninitialized urandom read (16 bytes read, 3 bits of entropy available)
[    2.132607] random: udevadm: uninitialized urandom read (16 bytes read, 3 bits of entropy available)
[    2.133096] random: udevadm: uninitialized urandom read (16 bytes read, 3 bits of entropy available)
[    2.133277] random: udevadm: uninitialized urandom read (16 bytes read, 3 bits of entropy available)
[    2.133422] random: udevadm: uninitialized urandom read (16 bytes read, 3 bits of entropy available)
[    2.133565] random: udevadm: uninitialized urandom read (16 bytes read, 3 bits of entropy available)
[    2.242449] e1000: Intel(R) PRO/1000 Network Driver - version 7.3.21-k8-NAPI
[    2.245358] e1000: Copyright (c) 1999-2006 Intel Corporation.
[    2.249231] Fusion MPT base driver 3.04.20
[    2.250882] Copyright (c) 1999-2008 LSI Corporation
[    2.272033] Fusion MPT SPI Host driver 3.04.20
[    2.315190] AVX2 version of gcm_enc/dec engaged.
[    2.318039] AES CTR mode by8 optimization enabled
[    2.462127] input: ImExPS/2 Generic Explorer Mouse as /devices/platform/i8042/serio1/input/input4
[    2.748728] e1000 0000:00:03.0 eth0: (PCI:33MHz:32-bit) 02:0e:9b:2d:5b:92
[    2.753547] e1000 0000:00:03.0 eth0: Intel(R) PRO/1000 Network Connection
[    2.760637] mptbase: ioc0: Initiating bringup
[    2.766096] e1000 0000:00:03.0 enp0s3: renamed from eth0
[    2.842824] ioc0: LSI53C1030 A0: Capabilities={Initiator}
[    4.315739] scsi host2: ioc0: LSI53C1030 A0, FwRev=00000000h, Ports=1, MaxQ=256, IRQ=20
[    4.784568] scsi 2:0:0:0: Direct-Access     VBOX     HARDDISK         1.0  PQ: 0 ANSI: 5
[    4.786903] scsi target2:0:0: Beginning Domain Validation
[    4.789898] scsi target2:0:0: Domain Validation skipping write tests
[    4.791555] scsi target2:0:0: Ending Domain Validation
[    4.794111] scsi target2:0:0: asynchronous
[    4.796405] scsi 2:0:1:0: Direct-Access     VBOX     HARDDISK         1.0  PQ: 0 ANSI: 5
[    4.798723] scsi target2:0:1: Beginning Domain Validation
[    4.802093] scsi target2:0:1: Domain Validation skipping write tests
[    4.804444] scsi target2:0:1: Ending Domain Validation
[    4.806628] scsi target2:0:1: asynchronous
[    4.850027] sd 2:0:0:0: [sda] 20971520 512-byte logical blocks: (10.7 GB/10.0 GiB)
[    4.853002] sd 2:0:0:0: Attached scsi generic sg0 type 0
[    4.855094] sd 2:0:0:0: [sda] Write Protect is off
[    4.856962] sd 2:0:0:0: [sda] Incomplete mode parameter data
[    4.858536] sd 2:0:0:0: [sda] Assuming drive cache: write through
[    4.861349] sd 2:0:1:0: [sdb] 20480 512-byte logical blocks: (10.5 MB/10.0 MiB)
[    4.863848] sd 2:0:1:0: Attached scsi generic sg1 type 0
[    4.865909] sd 2:0:1:0: [sdb] Write Protect is off
[    4.867829] sd 2:0:1:0: [sdb] Incomplete mode parameter data
[    4.869606] sd 2:0:1:0: [sdb] Assuming drive cache: write through
[    4.875391]  sda: sda1
[    4.878500] sd 2:0:0:0: [sda] Attached SCSI disk
[    4.880605] sd 2:0:1:0: [sdb] Attached SCSI disk
Begin: Loading essential drivers ... [    6.712285] md: linear personality registered for level -1
[    6.719037] md: multipath personality registered for level -4
[    6.724754] md: raid0 personality registered for level 0
[    6.733008] md: raid1 personality registered for level 1
[    6.807986] raid6: sse2x1   gen()  6036 MB/s
[    6.875966] raid6: sse2x1   xor()  4446 MB/s
[    6.943909] raid6: sse2x2   gen()  7052 MB/s
[    7.012147] raid6: sse2x2   xor()  4805 MB/s
[    7.080042] raid6: sse2x4   gen()  7634 MB/s
[    7.148064] raid6: sse2x4   xor()  5137 MB/s
[    7.216311] raid6: avx2x1   gen() 11301 MB/s
[    7.284177] raid6: avx2x2   gen() 10535 MB/s
[    7.351928] raid6: avx2x4   gen() 15511 MB/s
[    7.353568] raid6: using algorithm avx2x4 gen() 15511 MB/s
[    7.355674] raid6: using avx2x2 recovery algorithm
[    7.359340] xor: automatically using best checksumming function:
[    7.399924]    avx       : 16634.000 MB/sec
[    7.405664] async_tx: api initialized (async)
[    7.437370] md: raid6 personality registered for level 6
[    7.441200] md: raid5 personality registered for level 5
[    7.444800] md: raid4 personality registered for level 4
[    7.465550] md: raid10 personality registered for level 10
done.
Begin: Running /scripts/init-premount ... done.
Begin: Mounting root file system ... Begin: Running /scripts/local-top ... done.
Begin: Running /scripts/local-premount ... [    7.580672] Btrfs loaded
Scanning for Btrfs filesystems
done.
Warning: fsck not present, so skipping root file system
[    7.651840] EXT4-fs (sda1): mounted filesystem with ordered data mode. Opts: (null)
done.
Begin: Running /scripts/local-bottom ... done.
Begin: Running /scripts/init-bottom ... done.
[    7.836581] systemd[1]: systemd 229 running in system mode. (+PAM +AUDIT +SELINUX +IMA +APPARMOR +SMACK +SYSVINIT +UTMP +LIBCRYPTSETUP +GCRYPT +GNUTLS +ACL +XZ -LZ4 +SECCOMP +BLKID +ELFUTILS +KMOD -IDN)
[    7.848951] systemd[1]: Detected virtualization oracle.
[    7.853909] systemd[1]: Detected architecture x86-64.

Welcome to [1mUbuntu 16.04.6 LTS[0m!

[    7.868158] systemd[1]: Set hostname to <ubuntu>.
[    7.875065] systemd[1]: Initializing machine ID from random generator.
[    7.878287] systemd[1]: Installed transient /etc/machine-id file.
[    8.143399] systemd[1]: Listening on Journal Audit Socket.
[[0;32m  OK  [0m] Listening on Journal Audit Socket.
[    8.147875] systemd[1]: Listening on LVM2 poll daemon socket.
[[0;32m  OK  [0m] Listening on LVM2 poll daemon socket.
[    8.152305] systemd[1]: Listening on /dev/initctl Compatibility Named Pipe.
[[0;32m  OK  [0m] Listening on /dev/initctl Compatibility Named Pipe.
[    8.363172] systemd[1]: Started Trigger resolvconf update for networkd DNS.
[[0;32m  OK  [0m] Started Trigger resolvconf update for networkd DNS.
[    8.366911] systemd[1]: Listening on udev Kernel Socket.
[[0;32m  OK  [0m] Listening on udev Kernel Socket.
[    8.370053] systemd[1]: Reached target Encrypted Volumes.
[[0;32m  OK  [0m] Reached target Encrypted Volumes.
[    8.373726] systemd[1]: Reached target System Time Synchronized.
[[0;32m  OK  [0m] Reached target System Time Synchronized.
[    8.377575] systemd[1]: Listening on Syslog Socket.
[[0;32m  OK  [0m] Listening on Syslog Socket.
[    8.381288] systemd[1]: Created slice System Slice.
[[0;32m  OK  [0m] Created slice System Slice.
[    8.386102] systemd[1]: Created slice system-serial\x2dgetty.slice.
[[0;32m  OK  [0m] Created slice system-serial\x2dgetty.slice.
[    8.390318] systemd[1]: Listening on LVM2 metadata daemon socket.
[[0;32m  OK  [0m] Listening on LVM2 metadata daemon socket.
[    8.394414] systemd[1]: Created slice User and Session Slice.
[[0;32m  OK  [0m] Created slice User and Session Slice.
[    8.397401] systemd[1]: Reached target Slices.
[[0;32m  OK  [0m] Reached target Slices.
[    8.400808] systemd[1]: Listening on Journal Socket (/dev/log).
[[0;32m  OK  [0m] Listening on Journal Socket (/dev/log).
[    8.404924] systemd[1]: Started Forward Password Requests to Wall Directory Watch.
[[0;32m  OK  [0m] Started Forward Password Requests to Wall Directory Watch.
[    8.410210] systemd[1]: Reached target User and Group Name Lookups.
[[0;32m  OK  [0m] Reached target User and Group Name Lookups.
[    8.414331] systemd[1]: Listening on Journal Socket.
[[0;32m  OK  [0m] Listening on Journal Socket.
[    8.428214] systemd[1]: Starting Set console keymap...
         Starting Set console keymap...
[    8.432506] systemd[1]: Starting Journal Service...
         Starting Journal Service...
[    8.437055] systemd[1]: Mounting Debug File System...
         Mounting Debug File System...
[    8.441342] systemd[1]: Starting Nameserver information manager...
         Starting Nameserver information manager...
[    8.446647] systemd[1]: Starting Remount Root and Kernel File Systems...
         Starting Remount Root and Kernel File Systems...
[    8.453662] systemd[1]: Starting Create list of required static device nodes for the current kernel...
         Starting Create list of required st... nodes for the current kernel...
[    8.489025] systemd[1]: Starting Uncomplicated firewall...
         Starting Uncomplicated firewall...
[    8.494982] systemd[1]: Starting Load Kernel Modules...
         Starting Load Kernel Modules...
[    8.520353] systemd[1]: Listening on udev Control Socket.
[[0;32m  OK  [0m] Listening on udev Control Socket.
[    8.526485] EXT4-fs (sda1): re-mounted. Opts: (null)
[    8.529480] systemd[1]: Reached target Swap.
[[0;32m  OK  [0m] Reached target S[    8.532372] Loading iSCSI transport class v2.0-870.
wap.
[    8.534962] systemd[1]: Mounting Huge Pages File System...
         Mounting Huge Pages File System...
[    8.543525] systemd[1]: Listening on Device-mapper event daemon FIFOs.
[[0;32m  OK  [0m] Listening on Device-mapper event daemon FIFOs.
[    8.548657] systemd[1]: Starting Monitoring of LVM2 mirrors, snapshots etc. using dmeventd or progress polling...
         Starting Monitoring of LVM2 mirrors... dmeventd or progress polling...
[    8.557283] systemd[1]: Set up automount Arbitrary Executable File Formats File System Automount Point.
[    8.560029] iscsi: registered transport (tcp)
[[0;32m  OK  [0m] Set up automount Arbitrary Executab...ats File System Automount Point.
[    8.608183] systemd[1]: Mounting POSIX Message Queue File System...
         Mounting POSIX Message Queue File System...
[    8.617435] systemd[1]: Mounted POSIX Message Queue File System.
[[0;32m  OK  [0m] Mounted POSIX Message Queue File System.
[    8.621838] systemd[1]: Mounted Debug File System.
[[0;32m  OK  [0m] Mounted Debug File System.
[    8.626200] systemd[1]: Mounted Huge Pages File System.
[[0;32m  OK  [0m] Mounted Huge Pages File System.
[    8.631928] systemd[1]: Started Journal Service.
[[0;32m  OK  [0m] Started Journal Service.
[    8.655138] iscsi: registered transport (iser)
[[0;32m  OK  [0m] Started Remount Root and Kernel File Systems.[    8.659630] random: nonblocking pool is initialized

[[0;32m  OK  [0m] Started Create list of required sta...ce nodes for the current kernel.
[[0;32m  OK  [0m] Started Uncomplicated firewall.
[[0;32m  OK  [0m] Started Set console keymap.
[[0;32m  OK  [0m] Started Load Kernel Modules.
[[0;32m  OK  [0m] Started Nameserver information manager.
[[0;32m  OK  [0m] Started LVM2 metadata daemon.
         Mounting FUSE Control File System...
         Starting Apply Kernel Variables...
         Starting Create Static Device Nodes in /dev...
         Starting Load/Save Random Seed...
         Starting udev Coldplug all Devices...
         Starting Flush Journal to Persistent Storage...
[[0;32m  OK  [0m] Mounted FUSE Control File System.
[[0;32m  OK  [0m] Started Load/Save Random Seed.
[[0;32m  OK  [0m] Started Apply Kernel Variables.
[[0;32m  OK  [0m] Started Create Static Device Nodes in /dev.
[[0;32m  OK  [0m] Started udev Coldplug all Devices.
[[0;32m  OK  [0m] Started Flush Journal to Persistent Storage.
         Starting udev Kernel Device Manager...
[[0;32m  OK  [0m] Started udev Kernel Device Manager.
[[0;32m  OK  [0m] Started Dispatch Password Requests to Console Directory Watch.
[[0;32m  OK  [0m] Started Monitoring of LVM2 mirrors,...ng dmeventd or progress polling.
[[0;32m  OK  [0m] Reached target Local File Systems (Pre).
[[0;32m  OK  [0m] Reached target Local File Systems.
         Starting Tell Plymouth To Write Out Runtime Data...
         Starting Create Volatile Files and Directories...
         Starting Commit a transient machine-id on disk...
         Starting Set console font and keymap...
         Starting Initial cloud-init job (pre-networking)...
         Starting LSB: AppArmor initialization...
[[0;32m  OK  [0m] Started Tell Plymouth To Write Out Runtime Data.
[[0;32m  OK  [0m] Started Create Volatile Files and Directories.
[[0;32m  OK  [0m] Started Commit a transient machine-id on disk.
         Starting Update UTMP about System Boot/Shutdown...
[[0;32m  OK  [0m] Started Update UTMP about System Boot/Shutdown.
[[0;32m  OK  [0m] Found device /dev/ttyS0.
[[0;32m  OK  [0m] Listening on Load/Save RF Kill Switch Status /dev/rfkill Watch.
[   12.045681] cloud-init[493]: Cloud-init v. 19.2-36-g059d049c-0ubuntu1~16.04.1 running 'init-local' at Wed, 09 Oct 2019 10:13:30 +0000. Up 11.23 seconds.
[[0;32m  OK  [0m] Started Initial cloud-init job (pre-networking).
[[0;32m  OK  [0m] Reached target Network (Pre).
[[0;32m  OK  [0m] Started LSB: AppArmor initialization.
         Starting Raise network interfaces...
[[0;32m  OK  [0m] Started Set console font and keymap.
[[0;32m  OK  [0m] Created slice system-getty.slice.
[[0;32m  OK  [0m] Started Raise network interfaces.
[[0;32m  OK  [0m] Reached target Network.
         Starting Initial cloud-init job (metadata service crawler)...
[   15.836253] cloud-init[946]: Cloud-init v. 19.2-36-g059d049c-0ubuntu1~16.04.1 running 'init' at Wed, 09 Oct 2019 10:13:33 +0000. Up 14.43 seconds.
[   15.840605] cloud-init[946]: ci-info: +++++++++++++++++++++++++++++++++++++Net device info++++++++++++++++++++++++++++++++++++++
[   15.845898] cloud-init[946]: ci-info: +--------+------+---------------------------+---------------+--------+-------------------+
[   15.853413] cloud-init[946]: ci-info: | Device |  Up  |          Address          |      Mask     | Scope  |     Hw-Address    |
[   15.862041] cloud-init[946]: ci-info: +--------+------+---------------------------+---------------+--------+-------------------+
[   15.873620] cloud-init[946]: ci-info: | enp0s3 | True |         10.0.2.15         | 255.255.255.0 | global | 02:0e:9b:2d:5b:92 |
[   15.880105] cloud-init[946]: ci-info: | enp0s3 | True | fe80::e:9bff:fe2d:5b92/64 |       .       |  link  | 02:0e:9b:2d:5b:92 |
[   15.886000] cloud-init[946]: ci-info: |   lo   | True |         127.0.0.1         |   255.0.0.0   |  host  |         .         |
[   15.892917] cloud-init[946]: ci-info: |   lo   | True |          ::1/128          |       .       |  host  |         .         |
[   15.901925] cloud-init[946]: ci-info: +--------+------+---------------------------+---------------+--------+-------------------+
[   15.907878] cloud-init[946]: ci-info: +++++++++++++++++++++++++++Route IPv4 info++++++++++++++++++++++++++++
[   15.913148] cloud-init[946]: ci-info: +-------+-------------+----------+---------------+-----------+-------+
[   15.916984] cloud-init[946]: ci-info: | Route | Destination | Gateway  |    Genmask    | Interface | Flags |
[   15.920175] cloud-init[946]: ci-info: +-------+-------------+----------+---------------+-----------+-------+
[   15.923341] cloud-init[946]: ci-info: |   0   |   0.0.0.0   | 10.0.2.2 |    0.0.0.0    |   enp0s3  |   UG  |
[   15.926655] cloud-init[946]: ci-info: |   1   |   10.0.2.0  | 0.0.0.0  | 255.255.255.0 |   enp0s3  |   U   |
[   15.936761] cloud-init[946]: ci-info: +-------+-------------+----------+---------------+-----------+-------+
[   15.939978] cloud-init[946]: ci-info: +++++++++++++++++++Route IPv6 info+++++++++++++++++++
[   15.943058] cloud-init[946]: ci-info: +-------+-------------+---------+-----------+-------+
[   15.945770] cloud-init[946]: ci-info: | Route | Destination | Gateway | Interface | Flags |
[   15.948926] cloud-init[946]: ci-info: +-------+-------------+---------+-----------+-------+
[   15.951009] cloud-init[946]: ci-info: |   0   |  fe80::/64  |    ::   |   enp0s3  |   U   |
[   15.953345] cloud-init[946]: ci-info: |   3   |   ff00::/8  |    ::   |   enp0s3  |   U   |
[[0;32m  OK  [0m] Started Initial cloud-init job (metadata service crawler).
[[0;32m  OK  [0m] Reached target Cloud-config availability.
[[0;32m  OK  [0m] Reached target Network is Online.
[   15.955326] cloud-init[946]: ci-info: +-------+-------------+---------+-----------+-------+
[   15.962285] cloud-init[946]: Generating public/private rsa key pair.
[   15.963373] cloud-init[946]: Your identification has been saved in /etc/ssh/ssh_host_rsa_key.
[   15.972576] cloud-init[946]: Your public key has been saved in /etc/ssh/ssh_host_rsa_key.pub.
[   15.972865] cloud-init[946]: The key fingerprint is:
[   15.973130] cloud-init[946]: SHA256:fMO04I/VbXF2oLvCQBPB0m+BKrxLgdDXqQCFrBnQEyw root@ubuntu-xenial
[   15.973376] cloud-init[946]: The key's randomart image is:
         Starting iSCSI initiator daemon (iscsid)...
[   15.973653] cloud-init[946]: +---[RSA 2048]----+
[[   15.980390] cloud-init[946]: |=Bo. . +oo    .  |
[   15.980547] cloud-init[946]: |E.* . + +..  . . |
[   15.982142] cloud-init[946]: |.= * . o+.... . +|
[   15.982846] cloud-init[946]: |o . = .+ =oo o +.|
[   15.984003] cloud-init[946]: |     +  S.* o o  |
[   15.985155] cloud-init[946]: |    o    B . o   |
[   15.986226] cloud-init[946]: |   . .  . + .    |
[   15.987341] cloud-init[946]: |    .      .     |
[   15.989158] cloud-init[946]: |                 |
[   15.990269] cloud-init[946]: +----[SHA256]-----+
[   15.990934] cloud-init[946]: Generating public/private dsa key pair.
[   15.991370] cloud-init[946]: Your identification has been saved in /etc/ssh/ssh_host_dsa_key.
[   15.992902] cloud-init[946]: Your public key has been saved in /etc/ssh/ssh_host_dsa_key.pub.
[   15.993913] cloud-init[946]: The key fingerprint is:
[0;32m  OK  [0m] Reached target System Initialization.
[   15.994517] cloud-init[946]: SHA256:oB9XjUMQw/2oHRMF2Ta5n04WhgGEbW8vhXS1wV20Ltk root@ubuntu-xenial
[[0;32m  OK  [0m[   16.003207] cloud-init[946]: The key's randomart image is:
[   16.004305] cloud-init[946]: +---[DSA 1024]----+
[   16.004895] cloud-init[946]: |       .+B=*...+*|
[   16.005858] cloud-init[946]: |        oo*oB ..=|
[   16.006793] cloud-init[946]: |      .  .+B.B o |
[   16.007774] cloud-init[946]: |     . . .+.B B  |
[   16.008778] cloud-init[946]: |    . . So + B E |
[   16.009721] cloud-init[946]: |     . o. . . B  |
[   16.010340] cloud-init[946]: |      .      =   |
[   16.011510] cloud-init[946]: |              .  |
[   16.012948] cloud-init[946]: |                 |
[   16.013592] cloud-init[946]: +----[SHA256]-----+
[   16.014339] cloud-init[946]: Generating public/private ecdsa key pair.
[   16.015408] cloud-init[946]: Your identification has been saved in /etc/ssh/ssh_host_ecdsa_key.
[   16.016105] cloud-init[946]: Your public key has been saved in /etc/ssh/ssh_host_ecdsa_key.pub.
[   16.017088] cloud-init[946]: The key fingerprint is:
[   16.017555] cloud-init[946]: SHA256:SdPm3E5zwJjSb0K5YZ5cm1nP3dNfauHdObHs7VBhXO0 root@ubuntu-xenial
[   16.018385] cloud-init[946]: The key's randomart image is:
[   16.018766] cloud-init[946]: +---[ECDSA 256]---+
[   16.019412] cloud-init[946]: |                o|
[   16.019744] cloud-init[946]: |         o =  . o|
[   16.020296] cloud-init[946]: |        + @ + .= |
[   16.020452] cloud-init[946]: |       . % B *.oE|
[   16.020996] cloud-init[946]: |        S O X ooO|
[   16.021357] cloud-init[946]: |           = +.=O|
[   16.021757] cloud-init[946]: |            . ==+|
[   16.022136] cloud-init[946]: |             ...o|
[   16.022548] cloud-init[946]: |               oo|
[   16.023227] cloud-init[946]: +----[SHA256]-----+
[   16.023619] cloud-init[946]: Generating public/private ed25519 key pair.
[   16.024081] cloud-init[946]: Your identification has been saved in /etc/ssh/ssh_host_ed25519_key.
[   16.024462] cloud-init[946]: Your public key has been saved in /etc/ssh/ssh_host_ed25519_key.pub.
[   16.025114] cloud-init[946]: The key fingerprint is:
[   16.025528] cloud-init[946]: SHA256:gUsdbpas6Rd9enfT9w9uDD/FPF6BunF8WXUFvLJ8LBA root@ubuntu-xenial
[   16.026191] cloud-init[946]: The key's randomart image is:
[   16.027230] cloud-init[946]: +--[ED25519 256]--+
[   16.028830] cloud-init[946]: |        .    ...o|
[   16.029378] cloud-init[946]: |       = oE   . o|
[   16.029920] cloud-init[946]: |      o O  .  ..o|
[   16.030264] cloud-init[946]: |     . * o. .....|
[   16.030823] cloud-init[946]: |      + S .o++ o+|
[   16.031177] cloud-init[946]: |     .   . ==oo+*|
[   16.031351] cloud-init[946]: |      . . . =*=o*|
[   16.031516] cloud-init[946]: |       .   o o=++|
[   16.032714] cloud-init[946]: |             ...+|
[   16.033233] cloud-init[946]: +----[SHA256]-----+
] Listening on ACPID Listen Socket.
         Starting Socket activation for snappy daemon.
[[0;32m  OK  [0m] Started ACPI Events Check.
[[0;32m  OK  [0m] Reached target Paths.
[[0;32m  OK  [0m] Listening on UUID daemon activation socket.
         Starting LXD - unix socket.
[[0;32m  OK  [0m] Started Daily apt download activities.
[[0;32m  OK  [0m] Started Daily apt upgrade and clean activities.
[[0;32m  OK  [0m] Listening on D-Bus System Message Bus Socket.
[[0;32m  OK  [0m] Started Daily Cleanup of Temporary Directories.
[[0;32m  OK  [0m] Reached target Timers.
[[0;32m  OK  [0m] Listening on Socket activation for snappy daemon.
[[0;32m  OK  [0m] Listening on LXD - unix socket.
[[0;32m  OK  [0m] Started iSCSI initiator daemon (iscsid).
         Starting Login to default iSCSI targets...
[[0;32m  OK  [0m] Reached target Sockets.
[[0;32m  OK  [0m] Reached target Basic System.
         Starting /etc/rc.local Compatibility...
         Starting Login Service...
[[0;32m  OK  [0m] Started D-Bus System Message Bus.
[[0;32m  OK  [0m] Started Deferred execution scheduler.
         Starting Virtualbox guest utils...
         Starting System Logging Service...
         Starting Pollinate to seed the pseudo random number generator...
[[0;32m  OK  [0m] Started FUSE filesystem for LXC.
[[0;32m  OK  [0m] Started ACPI event daemon.
[[0;32m  OK  [0m] Started Regular background program processing daemon.
         Starting LSB: Record successful boot for GRUB...
         Starting Accounts Service...
         Starting LXD - container startup/shutdown...
         Starting LSB: MD monitoring daemon...
         Starting Snappy daemon...
[[0;32m  OK  [0m] Started /etc/rc.local Compatibility.
[[0;32m  OK  [0m] Started System Logging Service.
[[0;32m  OK  [0m] Started Login to default iSCSI targets.
[[0;32m  OK  [0m] Reached target Remote File Systems (Pre).
[[0;32m  OK  [0m] Reached target Remote File Systems.
         Starting LSB: automatic crash report generation...
         Starting LSB: daemon to balance interrupts for SMP systems...
         Starting Permit User Sessions...
         Starting LSB: Set the CPU Frequency Scaling governor to "ondemand"...
[[0;32m  OK  [0m] Started LSB: Record successful boot for GRUB.
[[0;32m  OK  [0m] Started LXD - container startup/shutdown.
[[0;32m  OK  [0m] Started Permit User Sessions.
[[0;32m  OK  [0m] Started Login Service.
[[0;32m  OK  [0m] Started LSB: MD monitoring daemon.
[[0;32m  OK  [0m] Started Virtualbox guest utils.
         Starting Authenticate and Authorize Users to Run Privileged Tasks...
[[0;32m  OK  [0m] Started Unattended Upgrades Shutdown.
         Starting Terminate Plymouth Boot Screen...
         Starting Hold until boot process finishes up...
[[0;32m  OK  [0m] Started LSB: automatic crash report generation.
[[0;32m  OK  [0m] Started LSB: daemon to balance interrupts for SMP systems.
[[0;32m  OK  [0m] Started LSB: Set the CPU Frequency Scaling governor to "ondemand".
[[0;32m  OK  [0m] Started Terminate Plymouth Boot Screen.
[[0;32m  OK  [0m] Started Hold until boot process finishes up.
[[0;32m  OK  [0m] Started Authenticate and Authorize Users to Run Privileged Tasks.
[[0;32m  OK  [0m] Started Accounts Service.
[[0;32m  OK  [0m] Started Pollinate to seed the pseudo random number generator.
         Starting OpenBSD Secure Shell server...
         Starting Set console scheme...
[[0;32m  OK  [0m] Started Serial Getty on ttyS0.
[[0;32m  OK  [0m] Started Getty on tty1.
[[0;32m  OK  [0m] Reached target Login Prompts.
[[0;32m  OK  [0m] Started Set console scheme.
[[0;32m  OK  [0m] Started OpenBSD Secure Shell server.
[[0;32m  OK  [0m] Started Snappy daemon.
         Starting Wait until snapd is fully seeded...
[[0;32m  OK  [0m] Started Wait until snapd is fully seeded.
[[0;32m  OK  [0m] Reached target Multi-User System.
[[0;32m  OK  [0m] Reached target Graphical Interface.
         Starting Update UTMP about System Runlevel Changes...
         Starting Apply the settings specified in cloud-config...
[[0;32m  OK  [0m] Started Update UTMP about System Runlevel Changes.
[[0;32m  OK  [0m] Created slice User Slice of vagrant.
         Starting User Manager for UID 1000...
[[0;32m  OK  [0m] Started Session 1 of user vagrant.
[[0;32m  OK  [0m] Started User Manager for UID 1000.
[   20.032541] cloud-init[1310]: Generating locales (this might take a while)...

Ubuntu 16.04.6 LTS ubuntu-xenial ttyS0

ubuntu-xenial login: [   23.474408] cloud-init[1310]:   en_US.UTF-8... done
[   23.478626] cloud-init[1310]: Generation complete.
[   23.974864] cloud-init[1310]: Cloud-init v. 19.2-36-g059d049c-0ubuntu1~16.04.1 running 'modules:config' at Wed, 09 Oct 2019 10:13:38 +0000. Up 19.62 seconds.
ci-info: no authorized ssh keys fingerprints found for user ubuntu.
<14>Oct  9 10:13:44 ec2: 
<14>Oct  9 10:13:44 ec2: #############################################################
<14>Oct  9 10:13:44 ec2: -----BEGIN SSH HOST KEY FINGERPRINTS-----
<14>Oct  9 10:13:44 ec2: 1024 SHA256:oB9XjUMQw/2oHRMF2Ta5n04WhgGEbW8vhXS1wV20Ltk root@ubuntu-xenial (DSA)
<14>Oct  9 10:13:44 ec2: 256 SHA256:SdPm3E5zwJjSb0K5YZ5cm1nP3dNfauHdObHs7VBhXO0 root@ubuntu-xenial (ECDSA)
<14>Oct  9 10:13:44 ec2: 256 SHA256:gUsdbpas6Rd9enfT9w9uDD/FPF6BunF8WXUFvLJ8LBA root@ubuntu-xenial (ED25519)
<14>Oct  9 10:13:44 ec2: 2048 SHA256:fMO04I/VbXF2oLvCQBPB0m+BKrxLgdDXqQCFrBnQEyw root@ubuntu-xenial (RSA)
<14>Oct  9 10:13:44 ec2: -----END SSH HOST KEY FINGERPRINTS-----
<14>Oct  9 10:13:44 ec2: #############################################################
-----BEGIN SSH HOST KEY KEYS-----
ecdsa-sha2-nistp256 AAAAE2VjZHNhLXNoYTItbmlzdHAyNTYAAAAIbmlzdHAyNTYAAABBBMnbHJqK/6bcKfHQH5nPI6VmH6EcqIKKpTgWyQec34j3uCUsSE+5/PYYFVdUOL0d3ugOnMeKjZoKD3EjvAMm+Sc= root@ubuntu-xenial
ssh-ed25519 AAAAC3NzaC1lZDI1NTE5AAAAILe5ODg3j8FZEYfpsFkl9JnRw0p4S+tK5kFVGxoWU0DT root@ubuntu-xenial
ssh-rsa AAAAB3NzaC1yc2EAAAADAQABAAABAQCkwp7s9AiJmSN7i+M55gAXPTe1YgVzZFnj+67oeUbvr+hZVMlOEtCvSp/C4+MzIsYgOfF6lGmak8suAckXl2fcKrqA9LvBjRsQ8Spc6ULdszO2gIKpztwwJen/IuHG7lNoPjbg/WXj3Kdi9I6DJSsLN1FEwJiStTnv/LbE3B6u3zTRBBIwM47vrZbwUF08oPxK5wWaFQVfZabyegatHLTmel6WSBblm3qHJlUw4EFb8PWxlcuG8K4PNbtdCBT2zynjXekfxjSDc9oDsg0t2um1ZT/U2v1SDj4AGpOba/2/v/zwUzIWiOGkTULbWW35IDsiTbwo+RwdmJOwqO2cn+rp root@ubuntu-xenial
-----END SSH HOST KEY KEYS-----
[   25.011571] cloud-init[1538]: Cloud-init v. 19.2-36-g059d049c-0ubuntu1~16.04.1 running 'modules:final' at Wed, 09 Oct 2019 10:13:43 +0000. Up 24.73 seconds.
[   25.014616] cloud-init[1538]: ci-info: no authorized ssh keys fingerprints found for user ubuntu.
[   25.016926] cloud-init[1538]: Cloud-init v. 19.2-36-g059d049c-0ubuntu1~16.04.1 finished at Wed, 09 Oct 2019 10:13:44 +0000. Datasource DataSourceNoCloud [seed=/dev/sdb][dsmode=net].  Up 24.99 seconds
