[    0.000000] Initializing cgroup subsys cpuset
[    0.000000] Initializing cgroup subsys cpu
[    0.000000] Initializing cgroup subsys cpuacct
[    0.000000] Linux version 4.4.0-165-generic (buildd@lgw01-amd64-027) (gcc version 5.4.0 20160609 (Ubuntu 5.4.0-6ubuntu1~16.04.10) ) #193-Ubuntu SMP Tue Sep 17 17:42:52 UTC 2019 (Ubuntu 4.4.0-165.193-generic 4.4.189)
[    0.000000] Command line: BOOT_IMAGE=/boot/vmlinuz-4.4.0-165-generic root=LABEL=cloudimg-rootfs ro console=tty1 console=ttyS0
[    0.000000] KERNEL supported cpus:
[    0.000000]   Intel GenuineIntel
[    0.000000]   AMD AuthenticAMD
[    0.000000]   Centaur CentaurHauls
[    0.000000] x86/fpu: xstate_offset[2]:  576, xstate_sizes[2]:  256
[    0.000000] x86/fpu: Supporting XSAVE feature 0x01: 'x87 floating point registers'
[    0.000000] x86/fpu: Supporting XSAVE feature 0x02: 'SSE registers'
[    0.000000] x86/fpu: Supporting XSAVE feature 0x04: 'AVX registers'
[    0.000000] x86/fpu: Enabled xstate features 0x7, context size is 832 bytes, using 'standard' format.
[    0.000000] e820: BIOS-provided physical RAM map:
[    0.000000] BIOS-e820: [mem 0x0000000000000000-0x000000000009fbff] usable
[    0.000000] BIOS-e820: [mem 0x000000000009fc00-0x000000000009ffff] reserved
[    0.000000] BIOS-e820: [mem 0x00000000000f0000-0x00000000000fffff] reserved
[    0.000000] BIOS-e820: [mem 0x0000000000100000-0x000000003ffeffff] usable
[    0.000000] BIOS-e820: [mem 0x000000003fff0000-0x000000003fffffff] ACPI data
[    0.000000] BIOS-e820: [mem 0x00000000fec00000-0x00000000fec00fff] reserved
[    0.000000] BIOS-e820: [mem 0x00000000fee00000-0x00000000fee00fff] reserved
[    0.000000] BIOS-e820: [mem 0x00000000fffc0000-0x00000000ffffffff] reserved
[    0.000000] NX (Execute Disable) protection: active
[    0.000000] SMBIOS 2.5 present.
[    0.000000] Hypervisor detected: KVM
[    0.000000] e820: last_pfn = 0x3fff0 max_arch_pfn = 0x400000000
[    0.000000] MTRR: Disabled
[    0.000000] x86/PAT: MTRRs disabled, skipping PAT initialization too.
[    0.000000] CPU MTRRs all blank - virtualized system.
[    0.000000] x86/PAT: Configuration [0-7]: WB  WT  UC- UC  WB  WT  UC- UC  
[    0.000000] found SMP MP-table at [mem 0x0009fff0-0x0009ffff] mapped at [ffff88000009fff0]
[    0.000000] Scanning 1 areas for low memory corruption
[    0.000000] RAMDISK: [mem 0x362fa000-0x37174fff]
[    0.000000] ACPI: Early table checksum verification disabled
[    0.000000] ACPI: RSDP 0x00000000000E0000 000024 (v02 VBOX  )
[    0.000000] ACPI: XSDT 0x000000003FFF0030 00003C (v01 VBOX   VBOXXSDT 00000001 ASL  00000061)
[    0.000000] ACPI: FACP 0x000000003FFF00F0 0000F4 (v04 VBOX   VBOXFACP 00000001 ASL  00000061)
[    0.000000] ACPI: DSDT 0x000000003FFF0470 0022EA (v02 VBOX   VBOXBIOS 00000002 INTL 20100528)
[    0.000000] ACPI: FACS 0x000000003FFF0200 000040
[    0.000000] ACPI: FACS 0x000000003FFF0200 000040
[    0.000000] ACPI: APIC 0x000000003FFF0240 00005C (v02 VBOX   VBOXAPIC 00000001 ASL  00000061)
[    0.000000] ACPI: SSDT 0x000000003FFF02A0 0001CC (v01 VBOX   VBOXCPUT 00000002 INTL 20100528)
[    0.000000] No NUMA configuration found
[    0.000000] Faking a node at [mem 0x0000000000000000-0x000000003ffeffff]
[    0.000000] NODE_DATA(0) allocated [mem 0x3ffeb000-0x3ffeffff]
[    0.000000] kvm-clock: Using msrs 4b564d01 and 4b564d00
[    0.000000] kvm-clock: cpu 0, msr 0:3ffe3001, primary cpu clock
[    0.000000] kvm-clock: using sched offset of 3593732727 cycles
[    0.000000] clocksource: kvm-clock: mask: 0xffffffffffffffff max_cycles: 0x1cd42e4dffb, max_idle_ns: 881590591483 ns
[    0.000000] Zone ranges:
[    0.000000]   DMA      [mem 0x0000000000001000-0x0000000000ffffff]
[    0.000000]   DMA32    [mem 0x0000000001000000-0x000000003ffeffff]
[    0.000000]   Normal   empty
[    0.000000]   Device   empty
[    0.000000] Movable zone start for each node
[    0.000000] Early memory node ranges
[    0.000000]   node   0: [mem 0x0000000000001000-0x000000000009efff]
[    0.000000]   node   0: [mem 0x0000000000100000-0x000000003ffeffff]
[    0.000000] Initmem setup node 0 [mem 0x0000000000001000-0x000000003ffeffff]
[    0.000000] ACPI: PM-Timer IO Port: 0x4008
[    0.000000] IOAPIC[0]: apic_id 2, version 32, address 0xfec00000, GSI 0-23
[    0.000000] ACPI: INT_SRC_OVR (bus 0 bus_irq 0 global_irq 2 dfl dfl)
[    0.000000] ACPI: INT_SRC_OVR (bus 0 bus_irq 9 global_irq 9 low level)
[    0.000000] Using ACPI (MADT) for SMP configuration information
[    0.000000] smpboot: Allowing 2 CPUs, 0 hotplug CPUs
[    0.000000] PM: Registered nosave memory: [mem 0x00000000-0x00000fff]
[    0.000000] PM: Registered nosave memory: [mem 0x0009f000-0x0009ffff]
[    0.000000] PM: Registered nosave memory: [mem 0x000a0000-0x000effff]
[    0.000000] PM: Registered nosave memory: [mem 0x000f0000-0x000fffff]
[    0.000000] e820: [mem 0x40000000-0xfebfffff] available for PCI devices
[    0.000000] Booting paravirtualized kernel on KVM
[    0.000000] clocksource: refined-jiffies: mask: 0xffffffff max_cycles: 0xffffffff, max_idle_ns: 7645519600211568 ns
[    0.000000] setup_percpu: NR_CPUS:512 nr_cpumask_bits:512 nr_cpu_ids:2 nr_node_ids:1
[    0.000000] PERCPU: Embedded 34 pages/cpu @ffff88003fc00000 s99544 r8192 d31528 u1048576
[    0.000000] Built 1 zonelists in Node order, mobility grouping on.  Total pages: 257912
[    0.000000] Policy zone: DMA32
[    0.000000] Kernel command line: BOOT_IMAGE=/boot/vmlinuz-4.4.0-165-generic root=LABEL=cloudimg-rootfs ro console=tty1 console=ttyS0
[    0.000000] PID hash table entries: 4096 (order: 3, 32768 bytes)
[    0.000000] Memory: 997732K/1048120K available (8621K kernel code, 1335K rwdata, 4032K rodata, 1484K init, 1284K bss, 50388K reserved, 0K cma-reserved)
[    0.000000] SLUB: HWalign=64, Order=0-3, MinObjects=0, CPUs=2, Nodes=1
[    0.000000] Kernel/User page tables isolation: enabled
[    0.000000] Hierarchical RCU implementation.
[    0.000000] 	Build-time adjustment of leaf fanout to 64.
[    0.000000] 	RCU restricting CPUs from NR_CPUS=512 to nr_cpu_ids=2.
[    0.000000] RCU: Adjusting geometry for rcu_fanout_leaf=64, nr_cpu_ids=2
[    0.000000] NR_IRQS:33024 nr_irqs:440 16
[    0.000000] Console: colour VGA+ 80x25
[    0.000000] console [tty1] enabled
[    0.000000] console [ttyS0] enabled
[    0.000000] tsc: Detected 2712.000 MHz processor
[    0.202412] Calibrating delay loop (skipped) preset value.. 5424.00 BogoMIPS (lpj=10848000)
[    0.204870] pid_max: default: 32768 minimum: 301
[    0.206270] ACPI: Core revision 20150930
[    0.209897] ACPI: 2 ACPI AML tables successfully acquired and loaded
[    0.211833] Security Framework initialized
[    0.213007] Yama: becoming mindful.
[    0.214260] AppArmor: AppArmor initialized
[    0.215513] Dentry cache hash table entries: 131072 (order: 8, 1048576 bytes)
[    0.222989] Inode-cache hash table entries: 65536 (order: 7, 524288 bytes)
[    0.225168] Mount-cache hash table entries: 2048 (order: 2, 16384 bytes)
[    0.226774] Mountpoint-cache hash table entries: 2048 (order: 2, 16384 bytes)
[    0.228544] Initializing cgroup subsys io
[    0.230132] Initializing cgroup subsys memory
[    0.231385] Initializing cgroup subsys devices
[    0.239549] Initializing cgroup subsys freezer
[    0.240821] Initializing cgroup subsys net_cls
[    0.242102] Initializing cgroup subsys perf_event
[    0.243695] Initializing cgroup subsys net_prio
[    0.244947] Initializing cgroup subsys hugetlb
[    0.246245] Initializing cgroup subsys pids
[    0.249170] mce: CPU supports 0 MCE banks
[    0.250353] Last level iTLB entries: 4KB 64, 2MB 8, 4MB 8
[    0.251761] Last level dTLB entries: 4KB 64, 2MB 0, 4MB 0, 1GB 4
[    0.253316] Spectre V1 : Mitigation: usercopy/swapgs barriers and __user pointer sanitization
[    0.255726] Spectre V2 : Mitigation: Full generic retpoline
[    0.257167] Spectre V2 : Spectre v2 / SpectreRSB mitigation: Filling RSB on context switch
[    0.259548] Speculative Store Bypass: Vulnerable
[    0.260867] MDS: Vulnerable: Clear CPU buffers attempted, no microcode
[    0.265872] Freeing SMP alternatives memory: 36K
[    0.274303] ftrace: allocating 32318 entries in 127 pages
[    0.353181] smpboot: APIC(0) Converting physical 0 to logical package 0
[    0.355030] smpboot: Max logical packages: 1
[    0.356587] x2apic enabled
[    0.357902] Switched APIC routing to physical x2apic.
[    0.360941] ..TIMER: vector=0x30 apic1=0 pin1=2 apic2=-1 pin2=-1
[    0.469808] smpboot: CPU0: Intel(R) Core(TM) i5-7200U CPU @ 2.50GHz (family: 0x6, model: 0x8e, stepping: 0x9)
[    0.472758] Performance Events: unsupported p6 CPU model 142 no PMU driver, software events only.
[    0.485635] KVM setup paravirtual spinlock
[    0.488075] x86: Booting SMP configuration:
[    0.489221] .... node  #0, CPUs:      #1
[    0.490326] kvm-clock: cpu 1, msr 0:3ffe3041, secondary cpu clock
[    0.492600] mce: CPU supports 0 MCE banks
[    0.495418] x86: Booted up 1 node, 2 CPUs
[    0.497460] smpboot: Total of 2 processors activated (10848.00 BogoMIPS)
[    0.500858] devtmpfs: initialized
[    0.504999] evm: security.selinux
[    0.506806] evm: security.SMACK64
[    0.508417] evm: security.SMACK64EXEC
[    0.510150] evm: security.SMACK64TRANSMUTE
[    0.511985] evm: security.SMACK64MMAP
[    0.513365] evm: security.ima
[    0.514617] evm: security.capability
[    0.516280] clocksource: jiffies: mask: 0xffffffff max_cycles: 0xffffffff, max_idle_ns: 7645041785100000 ns
[    0.520048] futex hash table entries: 512 (order: 3, 32768 bytes)
[    0.522177] pinctrl core: initialized pinctrl subsystem
[    0.524153] RTC time: 13:11:54, date: 10/09/19
[    0.525932] NET: Registered protocol family 16
[    0.539991] cpuidle: using governor ladder
[    0.551688] cpuidle: using governor menu
[    0.553160] PCCT header not found.
[    0.554583] ACPI: bus type PCI registered
[    0.555992] acpiphp: ACPI Hot Plug PCI Controller Driver version: 0.5
[    0.558171] PCI: Using configuration type 1 for base access
[    0.571932] ACPI: Added _OSI(Module Device)
[    0.573615] ACPI: Added _OSI(Processor Device)
[    0.575186] ACPI: Added _OSI(3.0 _SCP Extensions)
[    0.576761] ACPI: Added _OSI(Processor Aggregator Device)
[    0.579694] ACPI: Executed 1 blocks of module-level executable AML code
[    0.585434] ACPI: Interpreter enabled
[    0.586883] ACPI: (supports S0 S5)
[    0.588200] ACPI: Using IOAPIC for interrupt routing
[    0.590172] PCI: Using host bridge windows from ACPI; if necessary, use "pci=nocrs" and report a bug
[    0.599258] ACPI: PCI Root Bridge [PCI0] (domain 0000 [bus 00-ff])
[    0.601391] acpi PNP0A03:00: _OSC: OS supports [ASPM ClockPM Segments MSI]
[    0.604108] acpi PNP0A03:00: _OSC: not requesting OS control; OS requires [ExtendedConfig ASPM ClockPM MSI]
[    0.607228] acpi PNP0A03:00: fail to add MMCONFIG information, can't access extended PCI configuration space under this bridge.
[    0.611470] PCI host bridge to bus 0000:00
[    0.612943] pci_bus 0000:00: root bus resource [io  0x0000-0x0cf7 window]
[    0.614886] pci_bus 0000:00: root bus resource [io  0x0d00-0xffff window]
[    0.617376] pci_bus 0000:00: root bus resource [mem 0x000a0000-0x000bffff window]
[    0.620613] pci_bus 0000:00: root bus resource [mem 0x40000000-0xfdffffff window]
[    0.623557] pci_bus 0000:00: root bus resource [bus 00-ff]
[    0.628809] pci 0000:00:01.1: legacy IDE quirk: reg 0x10: [io  0x01f0-0x01f7]
[    0.630731] pci 0000:00:01.1: legacy IDE quirk: reg 0x14: [io  0x03f6]
[    0.632320] pci 0000:00:01.1: legacy IDE quirk: reg 0x18: [io  0x0170-0x0177]
[    0.633975] pci 0000:00:01.1: legacy IDE quirk: reg 0x1c: [io  0x0376]
[    0.670080] pci 0000:00:07.0: quirk: [io  0x4000-0x403f] claimed by PIIX4 ACPI
[    0.672166] pci 0000:00:07.0: quirk: [io  0x4100-0x410f] claimed by PIIX4 SMB
[    0.686399] ACPI: PCI Interrupt Link [LNKA] (IRQs 5 9 10 *11)
[    0.688428] ACPI: PCI Interrupt Link [LNKB] (IRQs 5 9 *10 11)
[    0.690291] ACPI: PCI Interrupt Link [LNKC] (IRQs 5 *9 10 11)
[    0.692132] ACPI: PCI Interrupt Link [LNKD] (IRQs 5 9 10 *11)
[    0.694049] ACPI: Enabled 2 GPEs in block 00 to 07
[    0.695627] vgaarb: setting as boot device: PCI:0000:00:02.0
[    0.696980] vgaarb: device added: PCI:0000:00:02.0,decodes=io+mem,owns=io+mem,locks=none
[    0.699107] vgaarb: loaded
[    0.699943] vgaarb: bridge control possible 0000:00:02.0
[    0.701486] SCSI subsystem initialized
[    0.702641] ACPI: bus type USB registered
[    0.703713] usbcore: registered new interface driver usbfs
[    0.705054] usbcore: registered new interface driver hub
[    0.706341] usbcore: registered new device driver usb
[    0.707907] PCI: Using ACPI for IRQ routing
[    0.709307] NetLabel: Initializing
[    0.710316] NetLabel:  domain hash size = 128
[    0.711595] NetLabel:  protocols = UNLABELED CIPSOv4
[    0.718408] NetLabel:  unlabeled traffic allowed by default
[    0.720212] amd_nb: Cannot enumerate AMD northbridges
[    0.721644] clocksource: Switched to clocksource kvm-clock
[    0.739378] AppArmor: AppArmor Filesystem Enabled
[    0.740658] pnp: PnP ACPI init
[    0.742476] pnp: PnP ACPI: found 3 devices
[    0.752912] clocksource: acpi_pm: mask: 0xffffff max_cycles: 0xffffff, max_idle_ns: 2085701024 ns
[    0.755156] NET: Registered protocol family 2
[    0.756425] TCP established hash table entries: 8192 (order: 4, 65536 bytes)
[    0.758019] TCP bind hash table entries: 8192 (order: 5, 131072 bytes)
[    0.759495] TCP: Hash tables configured (established 8192 bind 8192)
[    0.760940] UDP hash table entries: 512 (order: 2, 16384 bytes)
[    0.762479] UDP-Lite hash table entries: 512 (order: 2, 16384 bytes)
[    0.764116] NET: Registered protocol family 1
[    0.765318] pci 0000:00:00.0: Limiting direct PCI/PCI transfers
[    0.766986] pci 0000:00:01.0: Activating ISA DMA hang workarounds
[    0.768648] Unpacking initramfs...
[    1.096501] Freeing initrd memory: 14828K
[    1.098354] clocksource: tsc: mask: 0xffffffffffffffff max_cycles: 0x2717868ea45, max_idle_ns: 440795316085 ns
[    1.100878] platform rtc_cmos: registered platform RTC device (no PNP device found)
[    1.103008] Scanning for low memory corruption every 60 seconds
[    1.104934] audit: initializing netlink subsys (disabled)
[    1.106381] audit: type=2000 audit(1570626719.852:1): initialized
[    1.108514] Initialise system trusted keyring
[    1.110186] HugeTLB registered 2 MB page size, pre-allocated 0 pages
[    1.113871] zbud: loaded
[    1.115128] VFS: Disk quotas dquot_6.6.0
[    1.116344] VFS: Dquot-cache hash table entries: 512 (order 0, 4096 bytes)
[    1.118375] squashfs: version 4.0 (2009/01/31) Phillip Lougher
[    1.120598] fuse init (API version 7.23)
[    1.121871] Key type big_key registered
[    1.123053] Allocating IMA MOK and blacklist keyrings.
[    1.127464] Key type asymmetric registered
[    1.128551] Asymmetric key parser 'x509' registered
[    1.129776] Block layer SCSI generic (bsg) driver version 0.4 loaded (major 249)
[    1.131921] io scheduler noop registered
[    1.132954] io scheduler deadline registered (default)
[    1.134233] io scheduler cfq registered
[    1.135412] pci_hotplug: PCI Hot Plug PCI Core version: 0.5
[    1.136805] pciehp: PCI Express Hot Plug Controller Driver version: 0.4
[    1.138522] ACPI: AC Adapter [AC] (on-line)
[    1.139660] input: Power Button as /devices/LNXSYSTM:00/LNXPWRBN:00/input/input0
[    1.141608] ACPI: Power Button [PWRF]
[    1.142702] input: Sleep Button as /devices/LNXSYSTM:00/LNXSLPBN:00/input/input1
[    1.144635] ACPI: Sleep Button [SLPF]
[    1.145879] GHES: HEST is not enabled!
[    1.147730] ACPI: Battery Slot [BAT0] (battery present)
[    1.149577] Serial: 8250/16550 driver, 32 ports, IRQ sharing enabled
[    1.172016] 00:02: ttyS0 at I/O 0x3f8 (irq = 4, base_baud = 115200) is a 16550A
[    1.175227] Linux agpgart interface v0.103
[    1.178643] loop: module loaded
[    1.180510] scsi host0: ata_piix
[    1.181737] scsi host1: ata_piix
[    1.182778] ata1: PATA max UDMA/33 cmd 0x1f0 ctl 0x3f6 bmdma 0xd000 irq 14
[    1.184520] ata2: PATA max UDMA/33 cmd 0x170 ctl 0x376 bmdma 0xd008 irq 15
[    1.186713] libphy: Fixed MDIO Bus: probed
[    1.188007] tun: Universal TUN/TAP device driver, 1.6
[    1.189358] tun: (C) 1999-2004 Max Krasnyansky <maxk@qualcomm.com>
[    1.191035] PPP generic driver version 2.4.2
[    1.192260] ehci_hcd: USB 2.0 'Enhanced' Host Controller (EHCI) Driver
[    1.193913] ehci-pci: EHCI PCI platform driver
[    1.195235] ehci-platform: EHCI generic platform driver
[    1.196600] ohci_hcd: USB 1.1 'Open' Host Controller (OHCI) Driver
[    1.198171] ohci-pci: OHCI PCI platform driver
[    1.199476] ohci-platform: OHCI generic platform driver
[    1.200880] uhci_hcd: USB Universal Host Controller Interface driver
[    1.202671] i8042: PNP: PS/2 Controller [PNP0303:PS2K,PNP0f03:PS2M] at 0x60,0x64 irq 1,12
[    1.205649] serio: i8042 KBD port at 0x60,0x64 irq 1
[    1.207115] serio: i8042 AUX port at 0x60,0x64 irq 12
[    1.208724] mousedev: PS/2 mouse device common for all mice
[    1.210795] rtc_cmos rtc_cmos: rtc core: registered rtc_cmos as rtc0
[    1.212581] rtc_cmos rtc_cmos: alarms up to one day, 114 bytes nvram
[    1.214216] i2c /dev entries driver
[    1.215443] input: AT Translated Set 2 keyboard as /devices/platform/i8042/serio0/input/input2
[    1.217972] device-mapper: uevent: version 1.0.3
[    1.219443] device-mapper: ioctl: 4.34.0-ioctl (2015-10-28) initialised: dm-devel@redhat.com
[    1.221889] ledtrig-cpu: registered to indicate activity on CPUs
[    1.224350] NET: Registered protocol family 10
[    1.225972] NET: Registered protocol family 17
[    1.227855] Key type dns_resolver registered
[    1.229219] registered taskstats version 1
[    1.230471] Loading compiled-in X.509 certificates
[    1.232659] Loaded X.509 cert 'Build time autogenerated kernel key: 0ed82eac04367aa6426493b1389455ebf6830eaa'
[    1.235427] zswap: loaded using pool lzo/zbud
[    1.238766] Key type trusted registered
[    1.243362] Key type encrypted registered
[    1.244629] AppArmor: AppArmor sha1 policy hashing enabled
[    1.246165] ima: No TPM chip found, activating TPM-bypass!
[    1.247749] ima: Allocated hash algorithm: sha1
[    1.249013] evm: HMAC attrs: 0x1
[    1.250377]   Magic number: 7:694:179
[    1.251484] rtc_cmos rtc_cmos: setting system clock to 2019-10-09 13:11:54 UTC (1570626714)
[    1.253766] BIOS EDD facility v0.16 2004-Jun-25, 0 devices found
[    1.255164] EDD information not available.
[    1.343825] Freeing unused kernel memory: 1484K
[    1.345496] Write protecting the kernel read-only data: 14336k
[    1.348078] Freeing unused kernel memory: 1608K
[    1.350058] Freeing unused kernel memory: 64K
Loading, please wait...
starting version 229
[    1.369382] random: systemd-udevd: uninitialized urandom read (16 bytes read, 3 bits of entropy available)
[    1.370671] random: udevadm: uninitialized urandom read (16 bytes read, 3 bits of entropy available)
[    1.370709] random: udevadm: uninitialized urandom read (16 bytes read, 3 bits of entropy available)
[    1.378747] random: systemd-udevd: uninitialized urandom read (16 bytes read, 3 bits of entropy available)
[    1.381720] random: systemd-udevd: uninitialized urandom read (16 bytes read, 3 bits of entropy available)
[    1.384292] random: udevadm: uninitialized urandom read (16 bytes read, 3 bits of entropy available)
[    1.384321] random: systemd-udevd: uninitialized urandom read (16 bytes read, 3 bits of entropy available)
[    1.385289] random: systemd-udevd: uninitialized urandom read (16 bytes read, 3 bits of entropy available)
[    1.385308] random: systemd-udevd: uninitialized urandom read (16 bytes read, 3 bits of entropy available)
[    1.385315] random: systemd-udevd: uninitialized urandom read (16 bytes read, 3 bits of entropy available)
[    1.434950] e1000: Intel(R) PRO/1000 Network Driver - version 7.3.21-k8-NAPI
[    1.437472] e1000: Copyright (c) 1999-2006 Intel Corporation.
[    1.439511] Fusion MPT base driver 3.04.20
[    1.440650] Copyright (c) 1999-2008 LSI Corporation
[    1.469490] AVX2 version of gcm_enc/dec engaged.
[    1.471409] AES CTR mode by8 optimization enabled
[    1.478781] Fusion MPT SPI Host driver 3.04.20
[    1.670594] input: ImExPS/2 Generic Explorer Mouse as /devices/platform/i8042/serio1/input/input4
[    1.845189] e1000 0000:00:03.0 eth0: (PCI:33MHz:32-bit) 02:0e:9b:2d:5b:92
[    1.846973] e1000 0000:00:03.0 eth0: Intel(R) PRO/1000 Network Connection
[    2.239820] e1000 0000:00:08.0 eth1: (PCI:33MHz:32-bit) 08:00:27:e2:24:cf
[    2.241526] e1000 0000:00:08.0 eth1: Intel(R) PRO/1000 Network Connection
[    2.244958] e1000 0000:00:03.0 enp0s3: renamed from eth0
[    2.247134] mptbase: ioc0: Initiating bringup
[    2.261866] e1000 0000:00:08.0 enp0s8: renamed from eth1
[    2.314536] ioc0: LSI53C1030 A0: Capabilities={Initiator}
[    2.477471] scsi host2: ioc0: LSI53C1030 A0, FwRev=00000000h, Ports=1, MaxQ=256, IRQ=20
[    2.590424] scsi 2:0:0:0: Direct-Access     VBOX     HARDDISK         1.0  PQ: 0 ANSI: 5
[    2.593232] scsi target2:0:0: Beginning Domain Validation
[    2.597757] scsi target2:0:0: Domain Validation skipping write tests
[    2.599210] scsi target2:0:0: Ending Domain Validation
[    2.600539] scsi target2:0:0: asynchronous
[    2.602123] scsi 2:0:1:0: Direct-Access     VBOX     HARDDISK         1.0  PQ: 0 ANSI: 5
[    2.604173] scsi target2:0:1: Beginning Domain Validation
[    2.623039] scsi target2:0:1: Domain Validation skipping write tests
[    2.624745] scsi target2:0:1: Ending Domain Validation
[    2.626356] scsi target2:0:1: asynchronous
[    2.635071] sd 2:0:0:0: [sda] 20971520 512-byte logical blocks: (10.7 GB/10.0 GiB)
[    2.637111] sd 2:0:0:0: Attached scsi generic sg0 type 0
[    2.638898] sd 2:0:1:0: [sdb] 20480 512-byte logical blocks: (10.5 MB/10.0 MiB)
[    2.641129] sd 2:0:1:0: Attached scsi generic sg1 type 0
[    2.641221] sd 2:0:0:0: [sda] Write Protect is off
[    2.644184] sd 2:0:0:0: [sda] Incomplete mode parameter data
[    2.645722] sd 2:0:0:0: [sda] Assuming drive cache: write through
[    2.647450] sd 2:0:1:0: [sdb] Write Protect is off
[    2.649229] sd 2:0:1:0: [sdb] Incomplete mode parameter data
[    2.650733] sd 2:0:1:0: [sdb] Assuming drive cache: write through
[    2.655569]  sda: sda1
[    2.657638] sd 2:0:0:0: [sda] Attached SCSI disk
[    2.660017] sd 2:0:1:0: [sdb] Attached SCSI disk
Begin: Loading essential drivers ... [    4.216901] md: linear personality registered for level -1
[    4.220550] md: multipath personality registered for level -4
[    4.224248] md: raid0 personality registered for level 0
[    4.230980] md: raid1 personality registered for level 1
[    4.302050] raid6: sse2x1   gen()  8813 MB/s
[    4.369793] raid6: sse2x1   xor()  7874 MB/s
[    4.438133] raid6: sse2x2   gen() 12990 MB/s
[    4.506031] raid6: sse2x2   xor()  8482 MB/s
[    4.573774] raid6: sse2x4   gen() 13716 MB/s
[    4.642217] raid6: sse2x4   xor()  9506 MB/s
[    4.709698] raid6: avx2x1   gen() 17208 MB/s
[    4.777839] raid6: avx2x2   gen() 23974 MB/s
[    4.846604] raid6: avx2x4   gen() 26018 MB/s
[    4.847899] raid6: using algorithm avx2x4 gen() 26018 MB/s
[    4.849332] raid6: using avx2x2 recovery algorithm
[    4.852096] xor: automatically using best checksumming function:
[    4.889653]    avx       : 21236.000 MB/sec
[    4.892394] async_tx: api initialized (async)
[    4.908178] md: raid6 personality registered for level 6
[    4.909779] md: raid5 personality registered for level 5
[    4.911314] md: raid4 personality registered for level 4
[    4.920674] md: raid10 personality registered for level 10
done.
Begin: Running /scripts/init-premount ... done.
Begin: Mounting root file system ... Begin: Running /scripts/local-top ... done.
Begin: Running /scripts/local-premount ... [    4.955704] Btrfs loaded
Scanning for Btrfs filesystems
done.
Warning: fsck not present, so skipping root file system
[    4.990975] EXT4-fs (sda1): mounted filesystem with ordered data mode. Opts: (null)
done.
Begin: Running /scripts/local-bottom ... done.
Begin: Running /scripts/init-bottom ... done.
[    5.106276] systemd[1]: systemd 229 running in system mode. (+PAM +AUDIT +SELINUX +IMA +APPARMOR +SMACK +SYSVINIT +UTMP +LIBCRYPTSETUP +GCRYPT +GNUTLS +ACL +XZ -LZ4 +SECCOMP +BLKID +ELFUTILS +KMOD -IDN)
[    5.111889] systemd[1]: Detected virtualization oracle.
[    5.113209] systemd[1]: Detected architecture x86-64.

Welcome to [1mUbuntu 16.04.6 LTS[0m!

[    5.118955] systemd[1]: Set hostname to <ubuntu-xenial>.
[    5.280280] systemd[1]: Listening on udev Control Socket.
[[0;32m  OK  [0m] Listening on udev Control Socket.
[    5.289951] systemd[1]: Reached target System Time Synchronized.
[[0;32m  OK  [0m] Reached target System Time Synchronized.
[    5.292657] systemd[1]: Reached target User and Group Name Lookups.
[[0;32m  OK  [0m] Reached target User and Group Name Lookups.
[    5.295471] systemd[1]: Listening on Journal Socket (/dev/log).
[[0;32m  OK  [0m] Listening on Journal Socket (/dev/log).
[    5.298253] systemd[1]: Started Trigger resolvconf update for networkd DNS.
[[0;32m  OK  [0m] Started Trigger resolvconf update for networkd DNS.
[    5.301320] systemd[1]: Listening on LVM2 metadata daemon socket.
[[0;32m  OK  [0m] Listening on LVM2 metadata daemon socket.
[    5.310688] systemd[1]: Reached target Swap.
[[0;32m  OK  [0m] Reached target Swap.
[    5.313516] systemd[1]: Listening on Journal Socket.
[[0;32m  OK  [0m] Listening on Journal Socket.
[    5.316411] systemd[1]: Listening on /dev/initctl Compatibility Named Pipe.
[[0;32m  OK  [0m] Listening on /dev/initctl Compatibility Named Pipe.
[    5.320593] systemd[1]: Created slice User and Session Slice.
[[0;32m  OK  [0m] Created slice User and Session Slice.
[    5.323929] systemd[1]: Listening on Journal Audit Socket.
[[0;32m  OK  [0m] Listening on Journal Audit Socket.
[    5.327127] systemd[1]: Reached target Encrypted Volumes.
[[0;32m  OK  [0m] Reached target Encrypted Volumes.
[    5.330059] systemd[1]: Listening on udev Kernel Socket.
[[0;32m  OK  [0m] Listening on udev Kernel Socket.
[    5.332691] systemd[1]: Listening on Syslog Socket.
[[0;32m  OK  [0m] Listening on Syslog Socket.
[    5.342939] systemd[1]: Set up automount Arbitrary Executable File Formats File System Automount Point.
[[0;32m  OK  [0m] Set up automount Arbitrary Executab...ats File System Automount Point.
[    5.347814] systemd[1]: Created slice System Slice.
[[0;32m  OK  [0m] Created slice System Slice.
[    5.362347] systemd[1]: Starting Create list of required static device nodes for the current kernel...
         Starting Create list of required st... nodes for the current kernel...
[    5.369606] systemd[1]: Starting Load Kernel Modules...
         Starting Load Kernel Modules...
[    5.373835] systemd[1]: Starting Journal Service...
         Starting Journal Service...
[    5.378472] systemd[1]: Mounting POSIX Message Queue File System...
         Mounting POSIX Message Queue File System...
[    5.386015] systemd[1]: Starting Set console keymap...
[    5.387746] Loading iSCSI transport class v2.0-870.
         Starting Set console keymap...
[    5.397031] systemd[1]: Starting Remount Root and Kernel File Systems...
         Starting Remount Root and Kernel File Systems...
[    5.400993] systemd[1]: Reached target Slices.
[[0;32m  OK  [0m] Reached target Slices.
[    5.403657] systemd[1]: Listening on LVM2 poll daemon socket.
[[0;32m  OK  [0m] Listening on LVM2 poll daemon socket.
[    5.406924] systemd[1]: Created slice system-serial\x2dgetty.slice.
[[0;32m  OK  [0m] Created slice system-serial\x2dgetty.slice.
[    5.410447] systemd[1]: Started Forward Password Requests to Wall Directory Watch.
[[0;32m  OK  [0m] Started Forward [    5.419326] iscsi: registered transport (tcp)
Password Requests to Wall Directory Watch.
[    5.423835] EXT4-fs (sda1): re-mounted. Opts: (null)
[    5.437793] systemd[1]: Starting Nameserver information manager...
         Starting Nameserver information manager...
[    5.441511] systemd[1]: Mounting Debug File System...
         Mounting Debug File System...
[    5.445070] systemd[1]: Listening on Device-mapper event daemon FIFOs.
[[0;32m  OK  [0m] Listening on Device-mapper event daemon FIFOs.
[    5.458837] systemd[1]: Starting Monitoring of LVM2 mirrors, snapshots etc. using dmeventd or progress polling...
         Starting Monitoring of LVM2 mirrors... dmeventd or progress polling...
[    5.468307] systemd[1]: Starting Uncomplicated firewall...
[    5.471015] iscsi: registered transport (iser)
         Starting Uncomplicated firewall...
[    5.474643] systemd[1]: Mounting Huge Pages File System...
         Mounting Huge Pages File System...
[    5.482857] systemd[1]: Mounted POSIX Message Queue File System.
[[0;32m  OK  [0m] Mounted POSIX Message Queue File System.
[    5.486292] systemd[1]: Mounted Debug File System.
[[0;32m  OK  [0m] Mounted Debug File System.
[    5.488529] systemd[1]: Mounted Huge Pages File System.
[[0;32m  OK  [0m] Mounted Huge Pages File System.
[    5.491386] systemd[1]: Started Create list of required static device nodes for the current kernel.
[[0;32m  OK  [0m] Started Create list of required sta...ce nodes for the current kernel.
[    5.498936] systemd[1]: Started Load Kernel Modules.
[[0;32m  OK  [0m] Started Load Kernel Modules.
[    5.501661] systemd[1]: Started Remount Root and Kernel File Systems.
[[0;32m  OK  [0m] Started Remount Root and Kernel File Systems.
[    5.505201] systemd[1]: Started Uncomplicated firewall.
[[0;32m  OK  [0m] Started Uncomplicated firewall.
[    5.533924] systemd[1]: Started Nameserver information manager.
[[0;32m  OK  [0m] Started Nameserver information manager.
[    5.540452] systemd[1]: Started Set console keymap.
[[0;32m  OK  [0m] Started Set console keymap.
[    5.543937] systemd[1]: Started Journal Service.
[[0;32m  OK  [0m] Started Journal Service.
[[0;32m  OK  [0m] Started LVM2 metadata daemon.
         Starting Load/Save Random Seed...
         Starting Flush Journal to Persistent Storage...
         Starting udev Coldplug all Devices...
         Mounting FUSE Control File System...
         Starting Apply Kernel Variables...
         Starting Create Static Device Nodes in /dev...
[[0;32m  OK  [0m] Mounted FUSE Control File System.
[[0;32m  OK  [0m] Started Load/Save Random Seed.
[[0;32m  OK  [0m] Started Apply Kernel Variables.
[[0;32m  OK  [0m] Started Flush Journal to Persistent Storage.
[[0;32m  OK  [0m] Started Create Static Device Nodes in /dev.
[[0;32m  OK  [0m] Started udev Coldplug all Devices.
         Starting udev Kernel Device Manager...
[[0;32m  OK  [0m] Started udev Kernel Device Manager.
[[0;32m  OK  [0m] Started Dispatch Password Requests to Console Directory Watch.
[[0;32m  OK  [0m] Started Monitoring of LVM2 mirrors,...ng dmeventd or progress polling.
[[0;32m  OK  [0m] Reached target Local File Systems (Pre).
[[0;32m  OK  [0m] Reached target Local File Systems.
         Starting Initial cloud-init job (pre-networking)...
         Starting LSB: AppArmor initialization...
         Starting Create Volatile Files and Directories...
         Starting Set console font and keymap...
         Starting Tell Plymouth To Write Out Runtime Data...
[[0;32m  OK  [0m] Started Tell Plymouth To Write Out Runtime Data.
[[0;32m  OK  [0m] Started Create Volatile Files and Directories.
[[0;32m  OK  [0m] Found device /dev/ttyS0.
         Starting Update UTMP about System Boot/Shutdown...
[[0;32m  OK  [0m] Started Update UTMP about System Boot/Shutdown.
[[0;32m  OK  [0m] Started LSB: AppArmor initialization.
[[0;32m  OK  [0m] Listening on Load/Save RF Kill Switch Status /dev/rfkill Watch.
[[0;32m  OK  [0m] Found device 82540EM Gigabit Ethern...r (PRO/1000 MT Desktop Adapter).
[[0;32m  OK  [0m] Found device 82540EM Gigabit Ethern...r (PRO/1000 MT Desktop Adapter).
[    6.869974] cloud-init[513]: Cloud-init v. 19.2-36-g059d049c-0ubuntu1~16.04.1 running 'init-local' at Wed, 09 Oct 2019 13:12:00 +0000. Up 6.51 seconds.
[[0;32m  OK  [0m] Started Initial cloud-init job (pre-networking).
[[0;32m  OK  [0m] Reached target Network (Pre).
[[0;32m  OK  [0m] Started ifup for enp0s8.
         Starting Raise network interfaces...
[[0;32m  OK  [0m] Started ifup for enp0s3.
[[0;32m  OK  [0m] Started Set console font and keymap.
[[0;32m  OK  [0m] Created slice system-getty.slice.
[[0;32m  OK  [0m] Started Raise network interfaces.
         Starting Initial cloud-init job (metadata service crawler)...
[[0;32m  OK  [0m] Reached target Network.
[    8.259908] cloud-init[1081]: Cloud-init v. 19.2-36-g059d049c-0ubuntu1~16.04.1 running 'init' at Wed, 09 Oct 2019 13:12:01 +0000. Up 7.87 seconds.
[    8.263581] cloud-init[1081]: ci-info: ++++++++++++++++++++++++++++++++++++++Net device info+++++++++++++++++++++++++++++++++++++++
[    8.266774] cloud-init[1081]: ci-info: +--------+------+-----------------------------+---------------+--------+-------------------+
[    8.269244] cloud-init[1081]: ci-info: | Device |  Up  |           Address           |      Mask     | Scope  |     Hw-Address    |
[    8.271516] cloud-init[1081]: ci-info: +--------+------+-----------------------------+---------------+--------+-------------------+
[    8.274142] cloud-init[1081]: ci-info: | enp0s3 | True |          10.0.2.15          | 255.255.255.0 | global | 02:0e:9b:2d:5b:92 |
[    8.276422] cloud-init[1081]: ci-info: | enp0s3 | True |  fe80::e:9bff:fe2d:5b92/64  |       .       |  link  | 02:0e:9b:2d:5b:92 |
[    8.278746] cloud-init[1081]: ci-info: | enp0s8 | True |        192.168.10.100       | 255.255.255.0 | global | 08:00:27:e2:24:cf |
[    8.281159] cloud-init[1081]: ci-info: | enp0s8 | True | fe80::a00:27ff:fee2:24cf/64 |       .       |  link  | 08:00:27:e2:24:cf |
[    8.283544] cloud-init[1081]: ci-info: |   lo   | True |          127.0.0.1          |   255.0.0.0   |  host  |         .         |
[    8.286052] cloud-init[1081]: ci-info: |   lo   | True |           ::1/128           |       .       |  host  |         .         |
[    8.289652] cloud-init[1081]: ci-info: +--------+------+-----------------------------+---------------+--------+-------------------+
[    8.292788] cloud-init[1081]: ci-info: ++++++++++++++++++++++++++++Route IPv4 info++++++++++++++++++++++++++++
[    8.294857] cloud-init[1081]: ci-info: +-------+--------------+----------+---------------+-----------+-------+
[    8.297551] cloud-init[1081]: ci-info: | Route | Destination  | Gateway  |    Genmask    | Interface | Flags |
[    8.300048] cloud-init[1081]: ci-info: +-------+--------------+----------+---------------+-----------+-------+
[    8.302496] cloud-init[1081]: ci-info: |   0   |   0.0.0.0    | 10.0.2.2 |    0.0.0.0    |   enp0s3  |   UG  |
[    8.304908] cloud-init[1081]: ci-info: |   1   |   10.0.2.0   | 0.0.0.0  | 255.255.255.0 |   enp0s3  |   U   |
[    8.308021] cloud-init[1081]: ci-info: |   2   | 192.168.10.0 | 0.0.0.0  | 255.255.255.0 |   enp0s8  |   U   |
[    8.311347] cloud-init[1081]: ci-info: +-------+--------------+----------+---------------+-----------+-------+
[    8.314334] cloud-init[1081]: ci-info: +++++++++++++++++++Route IPv6 info+++++++++++++++++++
[    8.316949] cloud-init[1081]: ci-info: +-------+-------------+---------+-----------+-------+
[    8.319537] cloud-init[1081]: ci-info: | Route | Destination | Gateway | Interface | Flags |
[    8.322146] cloud-init[1081]: ci-info: +-------+-------------+---------+-----------+-------+
[    8.324723] cloud-init[1081]: ci-info: |   0   |  fe80::/64  |    ::   |   enp0s8  |   U   |
[    8.328380] cloud-init[1081]: ci-info: |   1   |  fe80::/64  |    ::   |   enp0s3  |   U   |
[    8.330895] cloud-init[1081]: ci-info: |   4   |   ff00::/8  |    ::   |   enp0s8  |   U   |
[    8.334181] cloud-init[1081]: ci-info: |   5   |   ff00::/8  |    ::   |   enp0s3  |   U   |
[    8.335764] cloud-init[1081]: ci-info: +-------+-------------+---------+-----------+-------+
[[0;32m  OK  [0m] Started Initial cloud-init job (metadata service crawler).
[[0;32m  OK  [0m] Reached target Network is Online.
         Starting iSCSI initiator daemon (iscsid)...
[[0;32m  OK  [0m] Reached target System Initialization.
[[0;32m  OK  [0m] Listening on ACPID Listen Socket.
[[0;32m  OK  [0m] Started ACPI Events Check.
[[0;32m  OK  [0m] Reached target Paths.
         Starting LXD - unix socket.
         Starting Socket activation for snappy daemon.
[[0;32m  OK  [0m] Listening on UUID daemon activation socket.
[[0;32m  OK  [0m] Started Daily Cleanup of Temporary Directories.
[[0;32m  OK  [0m] Listening on D-Bus System Message Bus Socket.
[[0;32m  OK  [0m] Started Daily apt download activities.
[[0;32m  OK  [0m] Started Daily apt upgrade and clean activities.
[[0;32m  OK  [0m] Reached target Timers.
[[0;32m  OK  [0m] Reached target Cloud-config availability.
[[0;32m  OK  [0m] Listening on LXD - unix socket.
[[0;32m  OK  [0m] Listening on Socket activation for snappy daemon.
[[0;32m  OK  [0m] Started iSCSI initiator daemon (iscsid).
         Starting Login to default iSCSI targets...
[[0;32m  OK  [0m] Reached target Sockets.
[[0;32m  OK  [0m] Reached target Basic System.
         Starting LSB: Record successful boot for GRUB...
[[0;32m  OK  [0m] Started Deferred execution scheduler.
[[0;32m  OK  [0m] Started FUSE filesystem for LXC.
         Starting /etc/rc.local Compatibility...
[[0;32m  OK  [0m] Started Regular background program processing daemon.
         Starting Login Service...
         Starting Accounts Service...
         Starting LSB: MD monitoring daemon...
         Starting System Logging Service...
         Starting Virtualbox guest utils...
         Starting LXD - container startup/shutdown...
         Starting Snappy daemon...
         Starting OpenBSD Secure Shell server...
[[0;32m  OK  [0m] Started ACPI event daemon.
[[0;32m  OK  [0m] Started D-Bus System Message Bus.
[[0;32m  OK  [0m] Started System Logging Service.
[[0;32m  OK  [0m] Started /etc/rc.local Compatibility.
[[0;32m  OK  [0m] Started OpenBSD Secure Shell server.
[[0;32m  OK  [0m] Started LSB: Record successful boot for GRUB.
[[0;32m  OK  [0m] Started Login to default iSCSI targets.
[[0;32m  OK  [0m] Started LXD - container startup/shutdown.
[[0;32m  OK  [0m] Started LSB: MD monitoring daemon.
[[0;32m  OK  [0m] Started Login Service.
[[0;32m  OK  [0m] Started Unattended Upgrades Shutdown.
         Starting Authenticate and Authorize Users to Run Privileged Tasks...
[[0;32m  OK  [0m] Reached target Remote File Systems (Pre).
[[0;32m  OK  [0m] Reached target Remote File Systems.
         Starting nginx - high performance web server...
         Starting LSB: daemon to balance interrupts for SMP systems...
         Starting LSB: Set the CPU Frequency Scaling governor to "ondemand"...
         Starting Permit User Sessions...
         Starting LSB: automatic crash report generation...
[[0;32m  OK  [0m] Started Snappy daemon.
[[0;32m  OK  [0m] Started Virtualbox guest utils.
[[0;32m  OK  [0m] Started nginx - high performance web server.
[[0;32m  OK  [0m] Started Permit User Sessions.
[[0;32m  OK  [0m] Started Authenticate and Authorize Users to Run Privileged Tasks.
[[0;32m  OK  [0m] Started LSB: daemon to balance interrupts for SMP systems.
[[0;32m  OK  [0m] Started Accounts Service.
         Starting Hold until boot process finishes up...
         Starting Terminate Plymouth Boot Screen...
         Starting Wait until snapd is fully seeded...
[[0;32m  OK  [0m] Started LSB: Set the CPU Frequency Scaling governor to "ondemand".
[[0;32m  OK  [0m] Started Hold until boot process finishes up.
[[0;32m  OK  [0m] Started Terminate Plymouth Boot Screen.
[[0;32m  OK  [0m] Started Wait until snapd is fully seeded.
         Starting Apply the settings specified in cloud-config...
[[0;32m  OK  [0m] Started Serial Getty on ttyS0.
[[0;32m  OK  [0m] Started Getty on tty1.
[[0;32m  OK  [0m] Reached target Login Prompts.
         Starting Set console scheme...
[[0;32m  OK  [0m] Started LSB: automatic crash report generation.
[[0;32m  OK  [0m] Started Set console scheme.
[[0;32m  OK  [0m] Reached target Multi-User System.
[[0;32m  OK  [0m] Reached target Graphical Interface.
         Starting Update UTMP about System Runlevel Changes...
[[0;32m  OK  [0m] Started Update UTMP about System Runlevel Changes.
[    9.634961] cloud-init[1339]: Cloud-init v. 19.2-36-g059d049c-0ubuntu1~16.04.1 running 'modules:config' at Wed, 09 Oct 2019 13:12:03 +0000. Up 9.49 seconds.
[[0;32m  OK  [0m] Started Apply the settings specified in cloud-config.
         Starting Execute cloud user/final scripts...
[   10.265116] cloud-init[1360]: Cloud-init v. 19.2-36-g059d049c-0ubuntu1~16.04.1 running 'modules:final' at Wed, 09 Oct 2019 13:12:03 +0000. Up 10.10 seconds.
[   10.267151] cloud-init[1360]: Cloud-init v. 19.2-36-g059d049c-0ubuntu1~16.04.1 finished at Wed, 09 Oct 2019 13:12:03 +0000. Datasource DataSourceNoCloud [seed=/dev/sdb][dsmode=net].  Up 10.25 seconds
[[0;32m  OK  [0m] Started Execute cloud user/final scripts.
[[0;32m  OK  [0m] Reached target Cloud-init target.

Ubuntu 16.04.6 LTS ubuntu-xenial ttyS0

ubuntu-xenial login: 